Archive member included because of file (symbol)

c:/program files/atmel/atmel toolchain/avr8 gcc/native/3.4.1056/avr8-gnu-toolchain/bin/../lib/gcc/avr/4.8.1/avr5\libgcc.a(_exit.o)
                              c:/program files/atmel/atmel toolchain/avr8 gcc/native/3.4.1056/avr8-gnu-toolchain/bin/../lib/gcc/avr/4.8.1/../../../../avr/lib/avr5/crtm16a.o (exit)

Discarded input sections

 .bss           0x00000000        0x0 c:/program files/atmel/atmel toolchain/avr8 gcc/native/3.4.1056/avr8-gnu-toolchain/bin/../lib/gcc/avr/4.8.1/../../../../avr/lib/avr5/crtm16a.o
 .text          0x00000000        0x0 lib/src/hardware_config.o
 .bss           0x00000000        0x0 lib/src/hardware_config.o
 .text.vInitTimer0
                0x00000000        0x2 lib/src/hardware_config.o
 .text          0x00000000        0x0 lib/src/hardware_feature.o
 .bss           0x00000000        0x0 lib/src/hardware_feature.o
 .text.ucGetSwitch
                0x00000000        0x8 lib/src/hardware_feature.o
 .text          0x00000000        0x0 user/main.o
 .bss           0x00000000        0x0 user/main.o
 .text          0x00000000        0x0 user/unit_test/unit_test.o
 .bss           0x00000000        0x0 user/unit_test/unit_test.o
 .text.vLedDebugTest
                0x00000000       0x1a user/unit_test/unit_test.o
 .text.vSwitchTest
                0x00000000       0x10 user/unit_test/unit_test.o
 .text          0x00000000        0x0 user/unit_test/unit_test_main.o
 .bss           0x00000000        0x0 user/unit_test/unit_test_main.o
 .text          0x00000000        0x0 c:/program files/atmel/atmel toolchain/avr8 gcc/native/3.4.1056/avr8-gnu-toolchain/bin/../lib/gcc/avr/4.8.1/avr5\libgcc.a(_exit.o)
 .bss           0x00000000        0x0 c:/program files/atmel/atmel toolchain/avr8 gcc/native/3.4.1056/avr8-gnu-toolchain/bin/../lib/gcc/avr/4.8.1/avr5\libgcc.a(_exit.o)
 .text.libgcc.mul
                0x00000000        0x0 c:/program files/atmel/atmel toolchain/avr8 gcc/native/3.4.1056/avr8-gnu-toolchain/bin/../lib/gcc/avr/4.8.1/avr5\libgcc.a(_exit.o)
 .text.libgcc.div
                0x00000000        0x0 c:/program files/atmel/atmel toolchain/avr8 gcc/native/3.4.1056/avr8-gnu-toolchain/bin/../lib/gcc/avr/4.8.1/avr5\libgcc.a(_exit.o)
 .text.libgcc   0x00000000        0x0 c:/program files/atmel/atmel toolchain/avr8 gcc/native/3.4.1056/avr8-gnu-toolchain/bin/../lib/gcc/avr/4.8.1/avr5\libgcc.a(_exit.o)
 .text.libgcc.prologue
                0x00000000        0x0 c:/program files/atmel/atmel toolchain/avr8 gcc/native/3.4.1056/avr8-gnu-toolchain/bin/../lib/gcc/avr/4.8.1/avr5\libgcc.a(_exit.o)
 .text.libgcc.builtins
                0x00000000        0x0 c:/program files/atmel/atmel toolchain/avr8 gcc/native/3.4.1056/avr8-gnu-toolchain/bin/../lib/gcc/avr/4.8.1/avr5\libgcc.a(_exit.o)
 .text.libgcc.fmul
                0x00000000        0x0 c:/program files/atmel/atmel toolchain/avr8 gcc/native/3.4.1056/avr8-gnu-toolchain/bin/../lib/gcc/avr/4.8.1/avr5\libgcc.a(_exit.o)
 .text.libgcc.fixed
                0x00000000        0x0 c:/program files/atmel/atmel toolchain/avr8 gcc/native/3.4.1056/avr8-gnu-toolchain/bin/../lib/gcc/avr/4.8.1/avr5\libgcc.a(_exit.o)

Memory Configuration

Name             Origin             Length             Attributes
text             0x00000000         0x00020000         xr
data             0x00800060         0x0000ffa0         rw !x
eeprom           0x00810000         0x00010000         rw !x
fuse             0x00820000         0x00000400         rw !x
lock             0x00830000         0x00000400         rw !x
signature        0x00840000         0x00000400         rw !x
user_signatures  0x00850000         0x00000400         rw !x
*default*        0x00000000         0xffffffff

Linker script and memory map

LOAD c:/program files/atmel/atmel toolchain/avr8 gcc/native/3.4.1056/avr8-gnu-toolchain/bin/../lib/gcc/avr/4.8.1/../../../../avr/lib/avr5/crtm16a.o
LOAD lib/src/hardware_config.o
LOAD lib/src/hardware_feature.o
LOAD user/main.o
LOAD user/unit_test/unit_test.o
LOAD user/unit_test/unit_test_main.o
START GROUP
LOAD c:/program files/atmel/atmel toolchain/avr8 gcc/native/3.4.1056/avr8-gnu-toolchain/bin/../lib/gcc/avr/4.8.1/../../../../avr/lib/avr5\libm.a
END GROUP
START GROUP
LOAD c:/program files/atmel/atmel toolchain/avr8 gcc/native/3.4.1056/avr8-gnu-toolchain/bin/../lib/gcc/avr/4.8.1/avr5\libgcc.a
LOAD c:/program files/atmel/atmel toolchain/avr8 gcc/native/3.4.1056/avr8-gnu-toolchain/bin/../lib/gcc/avr/4.8.1/../../../../avr/lib/avr5\libm.a
LOAD c:/program files/atmel/atmel toolchain/avr8 gcc/native/3.4.1056/avr8-gnu-toolchain/bin/../lib/gcc/avr/4.8.1/../../../../avr/lib/avr5\libc.a
END GROUP

.hash
 *(.hash)

.dynsym
 *(.dynsym)

.dynstr
 *(.dynstr)

.gnu.version
 *(.gnu.version)

.gnu.version_d
 *(.gnu.version_d)

.gnu.version_r
 *(.gnu.version_r)

.rel.init
 *(.rel.init)

.rela.init
 *(.rela.init)

.rel.text
 *(.rel.text)
 *(.rel.text.*)
 *(.rel.gnu.linkonce.t*)

.rela.text
 *(.rela.text)
 *(.rela.text.*)
 *(.rela.gnu.linkonce.t*)

.rel.fini
 *(.rel.fini)

.rela.fini
 *(.rela.fini)

.rel.rodata
 *(.rel.rodata)
 *(.rel.rodata.*)
 *(.rel.gnu.linkonce.r*)

.rela.rodata
 *(.rela.rodata)
 *(.rela.rodata.*)
 *(.rela.gnu.linkonce.r*)

.rel.data
 *(.rel.data)
 *(.rel.data.*)
 *(.rel.gnu.linkonce.d*)

.rela.data
 *(.rela.data)
 *(.rela.data.*)
 *(.rela.gnu.linkonce.d*)

.rel.ctors
 *(.rel.ctors)

.rela.ctors
 *(.rela.ctors)

.rel.dtors
 *(.rel.dtors)

.rela.dtors
 *(.rela.dtors)

.rel.got
 *(.rel.got)

.rela.got
 *(.rela.got)

.rel.bss
 *(.rel.bss)

.rela.bss
 *(.rela.bss)

.rel.plt
 *(.rel.plt)

.rela.plt
 *(.rela.plt)

.text           0x00000000      0x14a
 *(.vectors)
 .vectors       0x00000000       0x54 c:/program files/atmel/atmel toolchain/avr8 gcc/native/3.4.1056/avr8-gnu-toolchain/bin/../lib/gcc/avr/4.8.1/../../../../avr/lib/avr5/crtm16a.o
                0x00000000                __vector_default
                0x00000000                __vectors
 *(.vectors)
 *(.progmem.gcc*)
                0x00000054                . = ALIGN (0x2)
                0x00000054                __trampolines_start = .
 *(.trampolines)
 .trampolines   0x00000054        0x0 linker stubs
 *(.trampolines*)
                0x00000054                __trampolines_end = .
 *(.progmem*)
                0x00000054                . = ALIGN (0x2)
 *(.jumptables)
 *(.jumptables*)
 *(.lowtext)
 *(.lowtext*)
                0x00000054                __ctors_start = .
 *(.ctors)
                0x00000054                __ctors_end = .
                0x00000054                __dtors_start = .
 *(.dtors)
                0x00000054                __dtors_end = .
 SORT(*)(.ctors)
 SORT(*)(.dtors)
 *(.init0)
 .init0         0x00000054        0x0 c:/program files/atmel/atmel toolchain/avr8 gcc/native/3.4.1056/avr8-gnu-toolchain/bin/../lib/gcc/avr/4.8.1/../../../../avr/lib/avr5/crtm16a.o
                0x00000054                __init
 *(.init0)
 *(.init1)
 *(.init1)
 *(.init2)
 .init2         0x00000054        0xc c:/program files/atmel/atmel toolchain/avr8 gcc/native/3.4.1056/avr8-gnu-toolchain/bin/../lib/gcc/avr/4.8.1/../../../../avr/lib/avr5/crtm16a.o
 *(.init2)
 *(.init3)
 *(.init3)
 *(.init4)
 *(.init4)
 *(.init5)
 *(.init5)
 *(.init6)
 *(.init6)
 *(.init7)
 *(.init7)
 *(.init8)
 *(.init8)
 *(.init9)
 .init9         0x00000060        0x8 c:/program files/atmel/atmel toolchain/avr8 gcc/native/3.4.1056/avr8-gnu-toolchain/bin/../lib/gcc/avr/4.8.1/../../../../avr/lib/avr5/crtm16a.o
 *(.init9)
 *(.text)
 .text          0x00000068        0x4 c:/program files/atmel/atmel toolchain/avr8 gcc/native/3.4.1056/avr8-gnu-toolchain/bin/../lib/gcc/avr/4.8.1/../../../../avr/lib/avr5/crtm16a.o
                0x00000068                __vector_1
                0x00000068                __vector_12
                0x00000068                __bad_interrupt
                0x00000068                __vector_6
                0x00000068                __vector_3
                0x00000068                __vector_11
                0x00000068                __vector_13
                0x00000068                __vector_17
                0x00000068                __vector_19
                0x00000068                __vector_7
                0x00000068                __vector_5
                0x00000068                __vector_4
                0x00000068                __vector_9
                0x00000068                __vector_2
                0x00000068                __vector_15
                0x00000068                __vector_8
                0x00000068                __vector_14
                0x00000068                __vector_10
                0x00000068                __vector_16
                0x00000068                __vector_18
                0x00000068                __vector_20
                0x0000006c                . = ALIGN (0x2)
 *(.text.*)
 .text.vInitTimer1
                0x0000006c       0x1a lib/src/hardware_config.o
                0x0000006c                vInitTimer1
 .text.vInitTimer2
                0x00000086        0xa lib/src/hardware_config.o
                0x00000086                vInitTimer2
 .text.vInitProgram
                0x00000090       0x3e lib/src/hardware_config.o
                0x00000090                vInitProgram
 .text.bKeyIsPress
                0x000000ce       0x54 lib/src/hardware_feature.o
                0x000000ce                bKeyIsPress
 .text.main     0x00000122        0xa user/main.o
                0x00000122                main
 .text.vKeyTest
                0x0000012c       0x14 user/unit_test/unit_test.o
                0x0000012c                vKeyTest
 .text.vUnitTest
                0x00000140        0x6 user/unit_test/unit_test_main.o
                0x00000140                vUnitTest
                0x00000146                . = ALIGN (0x2)
 *(.fini9)
 .fini9         0x00000146        0x0 c:/program files/atmel/atmel toolchain/avr8 gcc/native/3.4.1056/avr8-gnu-toolchain/bin/../lib/gcc/avr/4.8.1/avr5\libgcc.a(_exit.o)
                0x00000146                _exit
                0x00000146                exit
 *(.fini9)
 *(.fini8)
 *(.fini8)
 *(.fini7)
 *(.fini7)
 *(.fini6)
 *(.fini6)
 *(.fini5)
 *(.fini5)
 *(.fini4)
 *(.fini4)
 *(.fini3)
 *(.fini3)
 *(.fini2)
 *(.fini2)
 *(.fini1)
 *(.fini1)
 *(.fini0)
 .fini0         0x00000146        0x4 c:/program files/atmel/atmel toolchain/avr8 gcc/native/3.4.1056/avr8-gnu-toolchain/bin/../lib/gcc/avr/4.8.1/avr5\libgcc.a(_exit.o)
 *(.fini0)
                0x0000014a                _etext = .

.data           0x00800060        0x0 load address 0x0000014a
                0x00800060                PROVIDE (__data_start, .)
 *(.data)
 .data          0x00800060        0x0 c:/program files/atmel/atmel toolchain/avr8 gcc/native/3.4.1056/avr8-gnu-toolchain/bin/../lib/gcc/avr/4.8.1/../../../../avr/lib/avr5/crtm16a.o
 .data          0x00800060        0x0 lib/src/hardware_config.o
 .data          0x00800060        0x0 lib/src/hardware_feature.o
 .data          0x00800060        0x0 user/main.o
 .data          0x00800060        0x0 user/unit_test/unit_test.o
 .data          0x00800060        0x0 user/unit_test/unit_test_main.o
 .data          0x00800060        0x0 c:/program files/atmel/atmel toolchain/avr8 gcc/native/3.4.1056/avr8-gnu-toolchain/bin/../lib/gcc/avr/4.8.1/avr5\libgcc.a(_exit.o)
 *(.data*)
 *(.rodata)
 *(.rodata*)
 *(.gnu.linkonce.d*)
                0x00800060                . = ALIGN (0x2)
                0x00800060                _edata = .
                0x00800060                PROVIDE (__data_end, .)

.bss            0x00800060        0x0
                0x00800060                PROVIDE (__bss_start, .)
 *(.bss)
 *(.bss*)
 *(COMMON)
                0x00800060                PROVIDE (__bss_end, .)
                0x0000014a                __data_load_start = LOADADDR (.data)
                0x0000014a                __data_load_end = (__data_load_start + SIZEOF (.data))

.noinit         0x00800060        0x0
                0x00800060                PROVIDE (__noinit_start, .)
 *(.noinit*)
                0x00800060                PROVIDE (__noinit_end, .)
                0x00800060                _end = .
                0x00800060                PROVIDE (__heap_start, .)

.eeprom         0x00810000        0x0
 *(.eeprom*)
                0x00810000                __eeprom_end = .

.fuse
 *(.fuse)
 *(.lfuse)
 *(.hfuse)
 *(.efuse)

.lock
 *(.lock*)

.signature
 *(.signature*)

.user_signatures
 *(.user_signatures*)

.stab
 *(.stab)

.stabstr
 *(.stabstr)

.stab.excl
 *(.stab.excl)

.stab.exclstr
 *(.stab.exclstr)

.stab.index
 *(.stab.index)

.stab.indexstr
 *(.stab.indexstr)

.comment        0x00000000       0x30
 *(.comment)
 .comment       0x00000000       0x30 lib/src/hardware_config.o
                                 0x31 (size before relaxing)
 .comment       0x00000000       0x31 lib/src/hardware_feature.o
 .comment       0x00000000       0x31 user/main.o
 .comment       0x00000000       0x31 user/unit_test/unit_test.o
 .comment       0x00000000       0x31 user/unit_test/unit_test_main.o

.note.gnu.build-id
 *(.note.gnu.build-id)

.debug
 *(.debug)

.line
 *(.line)

.debug_srcinfo
 *(.debug_srcinfo)

.debug_sfnames
 *(.debug_sfnames)

.debug_aranges  0x00000000       0xd0
 *(.debug_aranges)
 .debug_aranges
                0x00000000       0x38 lib/src/hardware_config.o
 .debug_aranges
                0x00000038       0x28 lib/src/hardware_feature.o
 .debug_aranges
                0x00000060       0x20 user/main.o
 .debug_aranges
                0x00000080       0x30 user/unit_test/unit_test.o
 .debug_aranges
                0x000000b0       0x20 user/unit_test/unit_test_main.o

.debug_pubnames
 *(.debug_pubnames)

.debug_info     0x00000000      0x52a
 *(.debug_info .gnu.linkonce.wi.*)
 .debug_info    0x00000000       0xdf lib/src/hardware_config.o
 .debug_info    0x000000df      0x19d lib/src/hardware_feature.o
 .debug_info    0x0000027c       0xad user/main.o
 .debug_info    0x00000329      0x1a9 user/unit_test/unit_test.o
 .debug_info    0x000004d2       0x58 user/unit_test/unit_test_main.o

.debug_abbrev   0x00000000      0x376
 *(.debug_abbrev)
 .debug_abbrev  0x00000000       0x70 lib/src/hardware_config.o
 .debug_abbrev  0x00000070      0x120 lib/src/hardware_feature.o
 .debug_abbrev  0x00000190       0x78 user/main.o
 .debug_abbrev  0x00000208      0x121 user/unit_test/unit_test.o
 .debug_abbrev  0x00000329       0x4d user/unit_test/unit_test_main.o

.debug_line     0x00000000      0x4be
 *(.debug_line .debug_line.* .debug_line_end)
 .debug_line    0x00000000       0xf4 lib/src/hardware_config.o
 .debug_line    0x000000f4      0x156 lib/src/hardware_feature.o
 .debug_line    0x0000024a       0x8a user/main.o
 .debug_line    0x000002d4      0x18b user/unit_test/unit_test.o
 .debug_line    0x0000045f       0x5f user/unit_test/unit_test_main.o

.debug_frame    0x00000000      0x114
 *(.debug_frame)
 .debug_frame   0x00000000       0x54 lib/src/hardware_config.o
 .debug_frame   0x00000054       0x34 lib/src/hardware_feature.o
 .debug_frame   0x00000088       0x24 user/main.o
 .debug_frame   0x000000ac       0x44 user/unit_test/unit_test.o
 .debug_frame   0x000000f0       0x24 user/unit_test/unit_test_main.o

.debug_str      0x00000000      0x2e4
 *(.debug_str)
 .debug_str     0x00000000      0x179 lib/src/hardware_config.o
                                0x1ad (size before relaxing)
 .debug_str     0x00000179       0x9c lib/src/hardware_feature.o
                                0x1f2 (size before relaxing)
 .debug_str     0x00000215       0x1e user/main.o
                                0x179 (size before relaxing)
 .debug_str     0x00000233       0x41 user/unit_test/unit_test.o
                                0x200 (size before relaxing)
 .debug_str     0x00000274       0x70 user/unit_test/unit_test_main.o
                                0x117 (size before relaxing)

.debug_loc      0x00000000      0x113
 *(.debug_loc)
 .debug_loc     0x00000000      0x113 lib/src/hardware_feature.o

.debug_macinfo
 *(.debug_macinfo)

.debug_weaknames
 *(.debug_weaknames)

.debug_funcnames
 *(.debug_funcnames)

.debug_typenames
 *(.debug_typenames)

.debug_varnames
 *(.debug_varnames)

.debug_pubtypes
 *(.debug_pubtypes)

.debug_ranges   0x00000000       0x80
 *(.debug_ranges)
 .debug_ranges  0x00000000       0x28 lib/src/hardware_config.o
 .debug_ranges  0x00000028       0x18 lib/src/hardware_feature.o
 .debug_ranges  0x00000040       0x10 user/main.o
 .debug_ranges  0x00000050       0x20 user/unit_test/unit_test.o
 .debug_ranges  0x00000070       0x10 user/unit_test/unit_test_main.o

.debug_macro
 *(.debug_macro)
OUTPUT(bcr_2015.elf elf32-avr)
LOAD linker stubs
