Archive member included because of file (symbol)

c:/program files/atmel/atmel toolchain/avr8 gcc/native/3.4.1056/avr8-gnu-toolchain/bin/../lib/gcc/avr/4.8.1/avr5\libgcc.a(_udivmodhi4.o)
                              lib/src/debug.o (__udivmodhi4)
c:/program files/atmel/atmel toolchain/avr8 gcc/native/3.4.1056/avr8-gnu-toolchain/bin/../lib/gcc/avr/4.8.1/avr5\libgcc.a(_exit.o)
                              c:/program files/atmel/atmel toolchain/avr8 gcc/native/3.4.1056/avr8-gnu-toolchain/bin/../lib/gcc/avr/4.8.1/../../../../avr/lib/avr5/crtm16a.o (exit)
c:/program files/atmel/atmel toolchain/avr8 gcc/native/3.4.1056/avr8-gnu-toolchain/bin/../lib/gcc/avr/4.8.1/avr5\libgcc.a(_copy_data.o)
                              lib/src/LedBug.o (__do_copy_data)
c:/program files/atmel/atmel toolchain/avr8 gcc/native/3.4.1056/avr8-gnu-toolchain/bin/../lib/gcc/avr/4.8.1/avr5\libgcc.a(_clear_bss.o)
                              lib/src/debug.o (__do_clear_bss)
c:/program files/atmel/atmel toolchain/avr8 gcc/native/3.4.1056/avr8-gnu-toolchain/bin/../lib/gcc/avr/4.8.1/../../../../avr/lib/avr5\libc.a(malloc.o)
                              lib/src/debug.o (malloc)

Allocating common symbols
Common symbol       size              file

sUartPacket         0x5               lib/src/debug.o
ptr_rx_buff         0x2               lib/src/debug.o
LED_STATE           0x1               lib/src/LedBug.o
LED_EVENT           0x1               lib/src/LedBug.o
index_rx_buf        0x2               lib/src/debug.o
ptr_command_data    0x2               lib/src/debug.o
__brkval            0x2               c:/program files/atmel/atmel toolchain/avr8 gcc/native/3.4.1056/avr8-gnu-toolchain/bin/../lib/gcc/avr/4.8.1/../../../../avr/lib/avr5\libc.a(malloc.o)
__flp               0x2               c:/program files/atmel/atmel toolchain/avr8 gcc/native/3.4.1056/avr8-gnu-toolchain/bin/../lib/gcc/avr/4.8.1/../../../../avr/lib/avr5\libc.a(malloc.o)

Discarded input sections

 .bss           0x00000000        0x0 c:/program files/atmel/atmel toolchain/avr8 gcc/native/3.4.1056/avr8-gnu-toolchain/bin/../lib/gcc/avr/4.8.1/../../../../avr/lib/avr5/crtm16a.o
 .text          0x00000000        0x0 lib/src/debug.o
 .bss           0x00000000        0x0 lib/src/debug.o
 .text.bDebugProcess
                0x00000000       0xdc lib/src/debug.o
 .text.b_command_avaid
                0x00000000        0x6 lib/src/debug.o
 .text.s_get_command
                0x00000000        0x6 lib/src/debug.o
 .bss.bIsDubugCommandCompelete
                0x00000000        0x1 lib/src/debug.o
 .text          0x00000000        0x0 lib/src/hardware_config.o
 .bss           0x00000000        0x0 lib/src/hardware_config.o
 .text          0x00000000        0x0 lib/src/hardware_feature.o
 .bss           0x00000000        0x0 lib/src/hardware_feature.o
 .text.bKeyIsPress
                0x00000000       0x54 lib/src/hardware_feature.o
 .text.ucGetSwitch
                0x00000000        0x8 lib/src/hardware_feature.o
 .text          0x00000000        0x0 lib/src/LedBug.o
 .bss           0x00000000        0x0 lib/src/LedBug.o
 .text.vLedCtrl
                0x00000000       0x1e lib/src/LedBug.o
 COMMON         0x00000000        0x2 lib/src/LedBug.o
 .text          0x00000000        0x0 lib/src/serial.o
 .bss           0x00000000        0x0 lib/src/serial.o
 .text.uart_getc
                0x00000000       0x32 lib/src/serial.o
 .text.uart_puts
                0x00000000       0x1e lib/src/serial.o
 .text.uart_puts_p
                0x00000000       0x24 lib/src/serial.o
 .text          0x00000000        0x0 user/main.o
 .bss           0x00000000        0x0 user/main.o
 .text          0x00000000        0x0 user/unit_test/unit_test.o
 .bss           0x00000000        0x0 user/unit_test/unit_test.o
 .text.vLedDebugTest
                0x00000000       0x74 user/unit_test/unit_test.o
 .text.vKeyTest
                0x00000000       0x14 user/unit_test/unit_test.o
 .text.vSwitchTest
                0x00000000       0x10 user/unit_test/unit_test.o
 .text.vSlaveTest
                0x00000000       0x2a user/unit_test/unit_test.o
 .text          0x00000000        0x0 user/unit_test/unit_test_main.o
 .bss           0x00000000        0x0 user/unit_test/unit_test_main.o
 .text.vUnitTest
                0x00000000        0x6 user/unit_test/unit_test_main.o
 .text          0x00000000        0x0 c:/program files/atmel/atmel toolchain/avr8 gcc/native/3.4.1056/avr8-gnu-toolchain/bin/../lib/gcc/avr/4.8.1/avr5\libgcc.a(_udivmodhi4.o)
 .bss           0x00000000        0x0 c:/program files/atmel/atmel toolchain/avr8 gcc/native/3.4.1056/avr8-gnu-toolchain/bin/../lib/gcc/avr/4.8.1/avr5\libgcc.a(_udivmodhi4.o)
 .text.libgcc.mul
                0x00000000        0x0 c:/program files/atmel/atmel toolchain/avr8 gcc/native/3.4.1056/avr8-gnu-toolchain/bin/../lib/gcc/avr/4.8.1/avr5\libgcc.a(_udivmodhi4.o)
 .text.libgcc   0x00000000        0x0 c:/program files/atmel/atmel toolchain/avr8 gcc/native/3.4.1056/avr8-gnu-toolchain/bin/../lib/gcc/avr/4.8.1/avr5\libgcc.a(_udivmodhi4.o)
 .text.libgcc.prologue
                0x00000000        0x0 c:/program files/atmel/atmel toolchain/avr8 gcc/native/3.4.1056/avr8-gnu-toolchain/bin/../lib/gcc/avr/4.8.1/avr5\libgcc.a(_udivmodhi4.o)
 .text.libgcc.builtins
                0x00000000        0x0 c:/program files/atmel/atmel toolchain/avr8 gcc/native/3.4.1056/avr8-gnu-toolchain/bin/../lib/gcc/avr/4.8.1/avr5\libgcc.a(_udivmodhi4.o)
 .text.libgcc.fmul
                0x00000000        0x0 c:/program files/atmel/atmel toolchain/avr8 gcc/native/3.4.1056/avr8-gnu-toolchain/bin/../lib/gcc/avr/4.8.1/avr5\libgcc.a(_udivmodhi4.o)
 .text.libgcc.fixed
                0x00000000        0x0 c:/program files/atmel/atmel toolchain/avr8 gcc/native/3.4.1056/avr8-gnu-toolchain/bin/../lib/gcc/avr/4.8.1/avr5\libgcc.a(_udivmodhi4.o)
 .text          0x00000000        0x0 c:/program files/atmel/atmel toolchain/avr8 gcc/native/3.4.1056/avr8-gnu-toolchain/bin/../lib/gcc/avr/4.8.1/avr5\libgcc.a(_exit.o)
 .bss           0x00000000        0x0 c:/program files/atmel/atmel toolchain/avr8 gcc/native/3.4.1056/avr8-gnu-toolchain/bin/../lib/gcc/avr/4.8.1/avr5\libgcc.a(_exit.o)
 .text.libgcc.mul
                0x00000000        0x0 c:/program files/atmel/atmel toolchain/avr8 gcc/native/3.4.1056/avr8-gnu-toolchain/bin/../lib/gcc/avr/4.8.1/avr5\libgcc.a(_exit.o)
 .text.libgcc.div
                0x00000000        0x0 c:/program files/atmel/atmel toolchain/avr8 gcc/native/3.4.1056/avr8-gnu-toolchain/bin/../lib/gcc/avr/4.8.1/avr5\libgcc.a(_exit.o)
 .text.libgcc   0x00000000        0x0 c:/program files/atmel/atmel toolchain/avr8 gcc/native/3.4.1056/avr8-gnu-toolchain/bin/../lib/gcc/avr/4.8.1/avr5\libgcc.a(_exit.o)
 .text.libgcc.prologue
                0x00000000        0x0 c:/program files/atmel/atmel toolchain/avr8 gcc/native/3.4.1056/avr8-gnu-toolchain/bin/../lib/gcc/avr/4.8.1/avr5\libgcc.a(_exit.o)
 .text.libgcc.builtins
                0x00000000        0x0 c:/program files/atmel/atmel toolchain/avr8 gcc/native/3.4.1056/avr8-gnu-toolchain/bin/../lib/gcc/avr/4.8.1/avr5\libgcc.a(_exit.o)
 .text.libgcc.fmul
                0x00000000        0x0 c:/program files/atmel/atmel toolchain/avr8 gcc/native/3.4.1056/avr8-gnu-toolchain/bin/../lib/gcc/avr/4.8.1/avr5\libgcc.a(_exit.o)
 .text.libgcc.fixed
                0x00000000        0x0 c:/program files/atmel/atmel toolchain/avr8 gcc/native/3.4.1056/avr8-gnu-toolchain/bin/../lib/gcc/avr/4.8.1/avr5\libgcc.a(_exit.o)
 .text          0x00000000        0x0 c:/program files/atmel/atmel toolchain/avr8 gcc/native/3.4.1056/avr8-gnu-toolchain/bin/../lib/gcc/avr/4.8.1/avr5\libgcc.a(_copy_data.o)
 .bss           0x00000000        0x0 c:/program files/atmel/atmel toolchain/avr8 gcc/native/3.4.1056/avr8-gnu-toolchain/bin/../lib/gcc/avr/4.8.1/avr5\libgcc.a(_copy_data.o)
 .text.libgcc.mul
                0x00000000        0x0 c:/program files/atmel/atmel toolchain/avr8 gcc/native/3.4.1056/avr8-gnu-toolchain/bin/../lib/gcc/avr/4.8.1/avr5\libgcc.a(_copy_data.o)
 .text.libgcc.div
                0x00000000        0x0 c:/program files/atmel/atmel toolchain/avr8 gcc/native/3.4.1056/avr8-gnu-toolchain/bin/../lib/gcc/avr/4.8.1/avr5\libgcc.a(_copy_data.o)
 .text.libgcc   0x00000000        0x0 c:/program files/atmel/atmel toolchain/avr8 gcc/native/3.4.1056/avr8-gnu-toolchain/bin/../lib/gcc/avr/4.8.1/avr5\libgcc.a(_copy_data.o)
 .text.libgcc.prologue
                0x00000000        0x0 c:/program files/atmel/atmel toolchain/avr8 gcc/native/3.4.1056/avr8-gnu-toolchain/bin/../lib/gcc/avr/4.8.1/avr5\libgcc.a(_copy_data.o)
 .text.libgcc.builtins
                0x00000000        0x0 c:/program files/atmel/atmel toolchain/avr8 gcc/native/3.4.1056/avr8-gnu-toolchain/bin/../lib/gcc/avr/4.8.1/avr5\libgcc.a(_copy_data.o)
 .text.libgcc.fmul
                0x00000000        0x0 c:/program files/atmel/atmel toolchain/avr8 gcc/native/3.4.1056/avr8-gnu-toolchain/bin/../lib/gcc/avr/4.8.1/avr5\libgcc.a(_copy_data.o)
 .text.libgcc.fixed
                0x00000000        0x0 c:/program files/atmel/atmel toolchain/avr8 gcc/native/3.4.1056/avr8-gnu-toolchain/bin/../lib/gcc/avr/4.8.1/avr5\libgcc.a(_copy_data.o)
 .text          0x00000000        0x0 c:/program files/atmel/atmel toolchain/avr8 gcc/native/3.4.1056/avr8-gnu-toolchain/bin/../lib/gcc/avr/4.8.1/avr5\libgcc.a(_clear_bss.o)
 .bss           0x00000000        0x0 c:/program files/atmel/atmel toolchain/avr8 gcc/native/3.4.1056/avr8-gnu-toolchain/bin/../lib/gcc/avr/4.8.1/avr5\libgcc.a(_clear_bss.o)
 .text.libgcc.mul
                0x00000000        0x0 c:/program files/atmel/atmel toolchain/avr8 gcc/native/3.4.1056/avr8-gnu-toolchain/bin/../lib/gcc/avr/4.8.1/avr5\libgcc.a(_clear_bss.o)
 .text.libgcc.div
                0x00000000        0x0 c:/program files/atmel/atmel toolchain/avr8 gcc/native/3.4.1056/avr8-gnu-toolchain/bin/../lib/gcc/avr/4.8.1/avr5\libgcc.a(_clear_bss.o)
 .text.libgcc   0x00000000        0x0 c:/program files/atmel/atmel toolchain/avr8 gcc/native/3.4.1056/avr8-gnu-toolchain/bin/../lib/gcc/avr/4.8.1/avr5\libgcc.a(_clear_bss.o)
 .text.libgcc.prologue
                0x00000000        0x0 c:/program files/atmel/atmel toolchain/avr8 gcc/native/3.4.1056/avr8-gnu-toolchain/bin/../lib/gcc/avr/4.8.1/avr5\libgcc.a(_clear_bss.o)
 .text.libgcc.builtins
                0x00000000        0x0 c:/program files/atmel/atmel toolchain/avr8 gcc/native/3.4.1056/avr8-gnu-toolchain/bin/../lib/gcc/avr/4.8.1/avr5\libgcc.a(_clear_bss.o)
 .text.libgcc.fmul
                0x00000000        0x0 c:/program files/atmel/atmel toolchain/avr8 gcc/native/3.4.1056/avr8-gnu-toolchain/bin/../lib/gcc/avr/4.8.1/avr5\libgcc.a(_clear_bss.o)
 .text.libgcc.fixed
                0x00000000        0x0 c:/program files/atmel/atmel toolchain/avr8 gcc/native/3.4.1056/avr8-gnu-toolchain/bin/../lib/gcc/avr/4.8.1/avr5\libgcc.a(_clear_bss.o)
 .text          0x00000000        0x0 c:/program files/atmel/atmel toolchain/avr8 gcc/native/3.4.1056/avr8-gnu-toolchain/bin/../lib/gcc/avr/4.8.1/../../../../avr/lib/avr5\libc.a(malloc.o)
 .bss           0x00000000        0x0 c:/program files/atmel/atmel toolchain/avr8 gcc/native/3.4.1056/avr8-gnu-toolchain/bin/../lib/gcc/avr/4.8.1/../../../../avr/lib/avr5\libc.a(malloc.o)

Memory Configuration

Name             Origin             Length             Attributes
text             0x00000000         0x00020000         xr
data             0x00800060         0x0000ffa0         rw !x
eeprom           0x00810000         0x00010000         rw !x
fuse             0x00820000         0x00000400         rw !x
lock             0x00830000         0x00000400         rw !x
signature        0x00840000         0x00000400         rw !x
user_signatures  0x00850000         0x00000400         rw !x
*default*        0x00000000         0xffffffff

Linker script and memory map

LOAD c:/program files/atmel/atmel toolchain/avr8 gcc/native/3.4.1056/avr8-gnu-toolchain/bin/../lib/gcc/avr/4.8.1/../../../../avr/lib/avr5/crtm16a.o
LOAD lib/src/debug.o
LOAD lib/src/hardware_config.o
LOAD lib/src/hardware_feature.o
LOAD lib/src/LedBug.o
LOAD lib/src/serial.o
LOAD user/main.o
LOAD user/unit_test/unit_test.o
LOAD user/unit_test/unit_test_main.o
START GROUP
LOAD c:/program files/atmel/atmel toolchain/avr8 gcc/native/3.4.1056/avr8-gnu-toolchain/bin/../lib/gcc/avr/4.8.1/../../../../avr/lib/avr5\libm.a
END GROUP
START GROUP
LOAD c:/program files/atmel/atmel toolchain/avr8 gcc/native/3.4.1056/avr8-gnu-toolchain/bin/../lib/gcc/avr/4.8.1/avr5\libgcc.a
LOAD c:/program files/atmel/atmel toolchain/avr8 gcc/native/3.4.1056/avr8-gnu-toolchain/bin/../lib/gcc/avr/4.8.1/../../../../avr/lib/avr5\libm.a
LOAD c:/program files/atmel/atmel toolchain/avr8 gcc/native/3.4.1056/avr8-gnu-toolchain/bin/../lib/gcc/avr/4.8.1/../../../../avr/lib/avr5\libc.a
END GROUP

.hash
 *(.hash)

.dynsym
 *(.dynsym)

.dynstr
 *(.dynstr)

.gnu.version
 *(.gnu.version)

.gnu.version_d
 *(.gnu.version_d)

.gnu.version_r
 *(.gnu.version_r)

.rel.init
 *(.rel.init)

.rela.init
 *(.rela.init)

.rel.text
 *(.rel.text)
 *(.rel.text.*)
 *(.rel.gnu.linkonce.t*)

.rela.text
 *(.rela.text)
 *(.rela.text.*)
 *(.rela.gnu.linkonce.t*)

.rel.fini
 *(.rel.fini)

.rela.fini
 *(.rela.fini)

.rel.rodata
 *(.rel.rodata)
 *(.rel.rodata.*)
 *(.rel.gnu.linkonce.r*)

.rela.rodata
 *(.rela.rodata)
 *(.rela.rodata.*)
 *(.rela.gnu.linkonce.r*)

.rel.data
 *(.rel.data)
 *(.rel.data.*)
 *(.rel.gnu.linkonce.d*)

.rela.data
 *(.rela.data)
 *(.rela.data.*)
 *(.rela.gnu.linkonce.d*)

.rel.ctors
 *(.rel.ctors)

.rela.ctors
 *(.rela.ctors)

.rel.dtors
 *(.rel.dtors)

.rela.dtors
 *(.rela.dtors)

.rel.got
 *(.rel.got)

.rela.got
 *(.rela.got)

.rel.bss
 *(.rel.bss)

.rela.bss
 *(.rela.bss)

.rel.plt
 *(.rel.plt)

.rela.plt
 *(.rela.plt)

.text           0x00000000      0x862
 *(.vectors)
 .vectors       0x00000000       0x54 c:/program files/atmel/atmel toolchain/avr8 gcc/native/3.4.1056/avr8-gnu-toolchain/bin/../lib/gcc/avr/4.8.1/../../../../avr/lib/avr5/crtm16a.o
                0x00000000                __vector_default
                0x00000000                __vectors
 *(.vectors)
 *(.progmem.gcc*)
                0x00000054                . = ALIGN (0x2)
                0x00000054                __trampolines_start = .
 *(.trampolines)
 .trampolines   0x00000054        0x0 linker stubs
 *(.trampolines*)
                0x00000054                __trampolines_end = .
 *(.progmem*)
                0x00000054                . = ALIGN (0x2)
 *(.jumptables)
 *(.jumptables*)
 *(.lowtext)
 *(.lowtext*)
                0x00000054                __ctors_start = .
 *(.ctors)
                0x00000054                __ctors_end = .
                0x00000054                __dtors_start = .
 *(.dtors)
                0x00000054                __dtors_end = .
 SORT(*)(.ctors)
 SORT(*)(.dtors)
 *(.init0)
 .init0         0x00000054        0x0 c:/program files/atmel/atmel toolchain/avr8 gcc/native/3.4.1056/avr8-gnu-toolchain/bin/../lib/gcc/avr/4.8.1/../../../../avr/lib/avr5/crtm16a.o
                0x00000054                __init
 *(.init0)
 *(.init1)
 *(.init1)
 *(.init2)
 .init2         0x00000054        0xc c:/program files/atmel/atmel toolchain/avr8 gcc/native/3.4.1056/avr8-gnu-toolchain/bin/../lib/gcc/avr/4.8.1/../../../../avr/lib/avr5/crtm16a.o
 *(.init2)
 *(.init3)
 *(.init3)
 *(.init4)
 .init4         0x00000060       0x16 c:/program files/atmel/atmel toolchain/avr8 gcc/native/3.4.1056/avr8-gnu-toolchain/bin/../lib/gcc/avr/4.8.1/avr5\libgcc.a(_copy_data.o)
                0x00000060                __do_copy_data
 .init4         0x00000076       0x10 c:/program files/atmel/atmel toolchain/avr8 gcc/native/3.4.1056/avr8-gnu-toolchain/bin/../lib/gcc/avr/4.8.1/avr5\libgcc.a(_clear_bss.o)
                0x00000076                __do_clear_bss
 *(.init4)
 *(.init5)
 *(.init5)
 *(.init6)
 *(.init6)
 *(.init7)
 *(.init7)
 *(.init8)
 *(.init8)
 *(.init9)
 .init9         0x00000086        0x8 c:/program files/atmel/atmel toolchain/avr8 gcc/native/3.4.1056/avr8-gnu-toolchain/bin/../lib/gcc/avr/4.8.1/../../../../avr/lib/avr5/crtm16a.o
 *(.init9)
 *(.text)
 .text          0x0000008e        0x4 c:/program files/atmel/atmel toolchain/avr8 gcc/native/3.4.1056/avr8-gnu-toolchain/bin/../lib/gcc/avr/4.8.1/../../../../avr/lib/avr5/crtm16a.o
                0x0000008e                __vector_1
                0x0000008e                __bad_interrupt
                0x0000008e                __vector_6
                0x0000008e                __vector_3
                0x0000008e                __vector_13
                0x0000008e                __vector_17
                0x0000008e                __vector_19
                0x0000008e                __vector_7
                0x0000008e                __vector_5
                0x0000008e                __vector_4
                0x0000008e                __vector_2
                0x0000008e                __vector_15
                0x0000008e                __vector_8
                0x0000008e                __vector_14
                0x0000008e                __vector_10
                0x0000008e                __vector_16
                0x0000008e                __vector_18
                0x0000008e                __vector_20
                0x00000092                . = ALIGN (0x2)
 *(.text.*)
 .text.v_init_debug_via_uart
                0x00000092       0x32 lib/src/debug.o
                0x00000092                v_init_debug_via_uart
 .text.print    0x000000c4      0x214 lib/src/debug.o
                0x000000c4                print
 .text.vInitTimer0
                0x000002d8        0xc lib/src/hardware_config.o
                0x000002d8                vInitTimer0
 .text.vInitTimer1
                0x000002e4       0x1a lib/src/hardware_config.o
                0x000002e4                vInitTimer1
 .text.vInitTimer2
                0x000002fe        0xa lib/src/hardware_config.o
                0x000002fe                vInitTimer2
 .text.vInitProgram
                0x00000308       0x4a lib/src/hardware_config.o
                0x00000308                vInitProgram
 .text.vPeriodicDec
                0x00000352       0x2e lib/src/LedBug.o
                0x00000352                vPeriodicDec
 .text.vIntervalDec
                0x00000380       0x2e lib/src/LedBug.o
                0x00000380                vIntervalDec
 .text.ucPareLedEvent
                0x000003ae       0x48 lib/src/LedBug.o
                0x000003ae                ucPareLedEvent
 .text.vLedFlash
                0x000003f6       0x66 lib/src/LedBug.o
                0x000003f6                vLedFlash
 .text.__vector_11
                0x0000045c       0x58 lib/src/serial.o
                0x0000045c                __vector_11
 .text.__vector_12
                0x000004b4       0x48 lib/src/serial.o
                0x000004b4                __vector_12
 .text.uart_init
                0x000004fc       0x28 lib/src/serial.o
                0x000004fc                uart_init
 .text.uart_putc
                0x00000524       0x20 lib/src/serial.o
                0x00000524                uart_putc
 .text.main     0x00000544       0x32 user/main.o
                0x00000544                main
 .text.__vector_9
                0x00000576       0x72 user/main.o
                0x00000576                __vector_9
 .text.libgcc.div
                0x000005e8       0x28 c:/program files/atmel/atmel toolchain/avr8 gcc/native/3.4.1056/avr8-gnu-toolchain/bin/../lib/gcc/avr/4.8.1/avr5\libgcc.a(_udivmodhi4.o)
                0x000005e8                __udivmodhi4
 .text.avr-libc
                0x00000610      0x24e c:/program files/atmel/atmel toolchain/avr8 gcc/native/3.4.1056/avr8-gnu-toolchain/bin/../lib/gcc/avr/4.8.1/../../../../avr/lib/avr5\libc.a(malloc.o)
                0x00000610                malloc
                0x00000740                free
                0x0000085e                . = ALIGN (0x2)
 *(.fini9)
 .fini9         0x0000085e        0x0 c:/program files/atmel/atmel toolchain/avr8 gcc/native/3.4.1056/avr8-gnu-toolchain/bin/../lib/gcc/avr/4.8.1/avr5\libgcc.a(_exit.o)
                0x0000085e                _exit
                0x0000085e                exit
 *(.fini9)
 *(.fini8)
 *(.fini8)
 *(.fini7)
 *(.fini7)
 *(.fini6)
 *(.fini6)
 *(.fini5)
 *(.fini5)
 *(.fini4)
 *(.fini4)
 *(.fini3)
 *(.fini3)
 *(.fini2)
 *(.fini2)
 *(.fini1)
 *(.fini1)
 *(.fini0)
 .fini0         0x0000085e        0x4 c:/program files/atmel/atmel toolchain/avr8 gcc/native/3.4.1056/avr8-gnu-toolchain/bin/../lib/gcc/avr/4.8.1/avr5\libgcc.a(_exit.o)
 *(.fini0)
                0x00000862                _etext = .

.data           0x00800060       0x18 load address 0x00000862
                0x00800060                PROVIDE (__data_start, .)
 *(.data)
 .data          0x00800060        0x0 c:/program files/atmel/atmel toolchain/avr8 gcc/native/3.4.1056/avr8-gnu-toolchain/bin/../lib/gcc/avr/4.8.1/../../../../avr/lib/avr5/crtm16a.o
 .data          0x00800060        0x0 lib/src/debug.o
 .data          0x00800060        0x0 lib/src/hardware_config.o
 .data          0x00800060        0x0 lib/src/hardware_feature.o
 .data          0x00800060        0x0 lib/src/LedBug.o
 .data          0x00800060        0x0 lib/src/serial.o
 .data          0x00800060        0x0 user/main.o
 .data          0x00800060        0x0 user/unit_test/unit_test.o
 .data          0x00800060        0x0 user/unit_test/unit_test_main.o
 .data          0x00800060        0x0 c:/program files/atmel/atmel toolchain/avr8 gcc/native/3.4.1056/avr8-gnu-toolchain/bin/../lib/gcc/avr/4.8.1/avr5\libgcc.a(_udivmodhi4.o)
 .data          0x00800060        0x0 c:/program files/atmel/atmel toolchain/avr8 gcc/native/3.4.1056/avr8-gnu-toolchain/bin/../lib/gcc/avr/4.8.1/avr5\libgcc.a(_exit.o)
 .data          0x00800060        0x0 c:/program files/atmel/atmel toolchain/avr8 gcc/native/3.4.1056/avr8-gnu-toolchain/bin/../lib/gcc/avr/4.8.1/avr5\libgcc.a(_copy_data.o)
 .data          0x00800060        0x0 c:/program files/atmel/atmel toolchain/avr8 gcc/native/3.4.1056/avr8-gnu-toolchain/bin/../lib/gcc/avr/4.8.1/avr5\libgcc.a(_clear_bss.o)
 .data          0x00800060        0x6 c:/program files/atmel/atmel toolchain/avr8 gcc/native/3.4.1056/avr8-gnu-toolchain/bin/../lib/gcc/avr/4.8.1/../../../../avr/lib/avr5\libc.a(malloc.o)
                0x00800060                __malloc_heap_end
                0x00800062                __malloc_heap_start
                0x00800064                __malloc_margin
 *(.data*)
 .data.uigLedInterval
                0x00800066        0x2 lib/src/LedBug.o
                0x00800066                uigLedInterval
 .data.uigLedPeriodic
                0x00800068        0x2 lib/src/LedBug.o
                0x00800068                uigLedPeriodic
 *(.rodata)
 *(.rodata*)
 .rodata.str1.1
                0x0080006a        0xd user/main.o
 *(.gnu.linkonce.d*)
                0x00800078                . = ALIGN (0x2)
 *fill*         0x00800077        0x1 
                0x00800078                _edata = .
                0x00800078                PROVIDE (__data_end, .)

.bss            0x00800078      0x159
                0x00800078                PROVIDE (__bss_start, .)
 *(.bss)
 *(.bss*)
 .bss.ucLedEvent
                0x00800078        0x1 lib/src/LedBug.o
                0x00800078                ucLedEvent
 .bss.bgLedFlag
                0x00800079        0x1 lib/src/LedBug.o
                0x00800079                bgLedFlag
 .bss.ucgLedState
                0x0080007a        0x1 lib/src/LedBug.o
                0x0080007a                ucgLedState
 .bss.UART_LastRxError
                0x0080007b        0x1 lib/src/serial.o
 .bss.UART_RxTail
                0x0080007c        0x1 lib/src/serial.o
 .bss.UART_RxHead
                0x0080007d        0x1 lib/src/serial.o
 .bss.UART_TxTail
                0x0080007e        0x1 lib/src/serial.o
 .bss.UART_TxHead
                0x0080007f        0x1 lib/src/serial.o
 .bss.UART_RxBuf
                0x00800080       0x40 lib/src/serial.o
 .bss.UART_TxBuf
                0x008000c0      0x100 lib/src/serial.o
 .bss.uiTimer0Cnt
                0x008001c0        0x2 user/main.o
                0x008001c0                uiTimer0Cnt
 *(COMMON)
 COMMON         0x008001c2        0xb lib/src/debug.o
                0x008001c2                sUartPacket
                0x008001c7                ptr_rx_buff
                0x008001c9                index_rx_buf
                0x008001cb                ptr_command_data
 COMMON         0x008001cd        0x4 c:/program files/atmel/atmel toolchain/avr8 gcc/native/3.4.1056/avr8-gnu-toolchain/bin/../lib/gcc/avr/4.8.1/../../../../avr/lib/avr5\libc.a(malloc.o)
                0x008001cd                __brkval
                0x008001cf                __flp
                0x008001d1                PROVIDE (__bss_end, .)
                0x00000862                __data_load_start = LOADADDR (.data)
                0x0000087a                __data_load_end = (__data_load_start + SIZEOF (.data))

.noinit         0x008001d1        0x0
                0x008001d1                PROVIDE (__noinit_start, .)
 *(.noinit*)
                0x008001d1                PROVIDE (__noinit_end, .)
                0x008001d1                _end = .
                0x008001d1                PROVIDE (__heap_start, .)

.eeprom         0x00810000        0x0
 *(.eeprom*)
                0x00810000                __eeprom_end = .

.fuse
 *(.fuse)
 *(.lfuse)
 *(.hfuse)
 *(.efuse)

.lock
 *(.lock*)

.signature
 *(.signature*)

.user_signatures
 *(.user_signatures*)

.stab
 *(.stab)

.stabstr
 *(.stabstr)

.stab.excl
 *(.stab.excl)

.stab.exclstr
 *(.stab.exclstr)

.stab.index
 *(.stab.index)

.stab.indexstr
 *(.stab.indexstr)

.comment        0x00000000       0x30
 *(.comment)
 .comment       0x00000000       0x30 lib/src/debug.o
                                 0x31 (size before relaxing)
 .comment       0x00000000       0x31 lib/src/hardware_config.o
 .comment       0x00000000       0x31 lib/src/hardware_feature.o
 .comment       0x00000000       0x31 lib/src/LedBug.o
 .comment       0x00000000       0x31 lib/src/serial.o
 .comment       0x00000000       0x31 user/main.o
 .comment       0x00000000       0x31 user/unit_test/unit_test.o
 .comment       0x00000000       0x31 user/unit_test/unit_test_main.o
 .comment       0x00000000       0x31 c:/program files/atmel/atmel toolchain/avr8 gcc/native/3.4.1056/avr8-gnu-toolchain/bin/../lib/gcc/avr/4.8.1/../../../../avr/lib/avr5\libc.a(malloc.o)

.note.gnu.build-id
 *(.note.gnu.build-id)

.debug
 *(.debug)

.line
 *(.line)

.debug_srcinfo
 *(.debug_srcinfo)

.debug_sfnames
 *(.debug_sfnames)

.debug_aranges  0x00000000      0x1b0
 *(.debug_aranges)
 .debug_aranges
                0x00000000       0x40 lib/src/debug.o
 .debug_aranges
                0x00000040       0x38 lib/src/hardware_config.o
 .debug_aranges
                0x00000078       0x28 lib/src/hardware_feature.o
 .debug_aranges
                0x000000a0       0x40 lib/src/LedBug.o
 .debug_aranges
                0x000000e0       0x50 lib/src/serial.o
 .debug_aranges
                0x00000130       0x28 user/main.o
 .debug_aranges
                0x00000158       0x38 user/unit_test/unit_test.o
 .debug_aranges
                0x00000190       0x20 user/unit_test/unit_test_main.o

.debug_pubnames
 *(.debug_pubnames)

.debug_info     0x00000000     0x11b3
 *(.debug_info .gnu.linkonce.wi.*)
 .debug_info    0x00000000      0x3ec lib/src/debug.o
 .debug_info    0x000003ec       0xff lib/src/hardware_config.o
 .debug_info    0x000004eb      0x19d lib/src/hardware_feature.o
 .debug_info    0x00000688      0x227 lib/src/LedBug.o
 .debug_info    0x000008af      0x303 lib/src/serial.o
 .debug_info    0x00000bb2      0x205 user/main.o
 .debug_info    0x00000db7      0x3a4 user/unit_test/unit_test.o
 .debug_info    0x0000115b       0x58 user/unit_test/unit_test_main.o

.debug_abbrev   0x00000000      0x916
 *(.debug_abbrev)
 .debug_abbrev  0x00000000      0x1fe lib/src/debug.o
 .debug_abbrev  0x000001fe       0x83 lib/src/hardware_config.o
 .debug_abbrev  0x00000281      0x120 lib/src/hardware_feature.o
 .debug_abbrev  0x000003a1      0x10b lib/src/LedBug.o
 .debug_abbrev  0x000004ac      0x12f lib/src/serial.o
 .debug_abbrev  0x000005db      0x168 user/main.o
 .debug_abbrev  0x00000743      0x186 user/unit_test/unit_test.o
 .debug_abbrev  0x000008c9       0x4d user/unit_test/unit_test_main.o

.debug_line     0x00000000      0xac4
 *(.debug_line .debug_line.* .debug_line_end)
 .debug_line    0x00000000      0x214 lib/src/debug.o
 .debug_line    0x00000214      0x117 lib/src/hardware_config.o
 .debug_line    0x0000032b      0x156 lib/src/hardware_feature.o
 .debug_line    0x00000481      0x135 lib/src/LedBug.o
 .debug_line    0x000005b6      0x149 lib/src/serial.o
 .debug_line    0x000006ff      0x17b user/main.o
 .debug_line    0x0000087a      0x1eb user/unit_test/unit_test.o
 .debug_line    0x00000a65       0x5f user/unit_test/unit_test_main.o

.debug_frame    0x00000000      0x3b0
 *(.debug_frame)
 .debug_frame   0x00000000       0xd0 lib/src/debug.o
 .debug_frame   0x000000d0       0x54 lib/src/hardware_config.o
 .debug_frame   0x00000124       0x34 lib/src/hardware_feature.o
 .debug_frame   0x00000158       0x74 lib/src/LedBug.o
 .debug_frame   0x000001cc       0xe0 lib/src/serial.o
 .debug_frame   0x000002ac       0x8c user/main.o
 .debug_frame   0x00000338       0x54 user/unit_test/unit_test.o
 .debug_frame   0x0000038c       0x24 user/unit_test/unit_test_main.o

.debug_str      0x00000000      0x62b
 *(.debug_str)
 .debug_str     0x00000000      0x29d lib/src/debug.o
                                0x2e8 (size before relaxing)
 .debug_str     0x0000029d       0x57 lib/src/hardware_config.o
                                0x1c3 (size before relaxing)
 .debug_str     0x000002f4       0x96 lib/src/hardware_feature.o
                                0x1f2 (size before relaxing)
 .debug_str     0x0000038a      0x123 lib/src/LedBug.o
                                0x288 (size before relaxing)
 .debug_str     0x000004ad       0xda lib/src/serial.o
                                0x26a (size before relaxing)
 .debug_str     0x00000587       0x2b user/main.o
                                0x267 (size before relaxing)
 .debug_str     0x000005b2       0x4c user/unit_test/unit_test.o
                                0x284 (size before relaxing)
 .debug_str     0x000005fe       0x2d user/unit_test/unit_test_main.o
                                0x122 (size before relaxing)

.debug_loc      0x00000000      0xb67
 *(.debug_loc)
 .debug_loc     0x00000000      0x4a7 lib/src/debug.o
 .debug_loc     0x000004a7      0x113 lib/src/hardware_feature.o
 .debug_loc     0x000005ba      0x147 lib/src/LedBug.o
 .debug_loc     0x00000701      0x304 lib/src/serial.o
 .debug_loc     0x00000a05      0x121 user/main.o
 .debug_loc     0x00000b26       0x41 user/unit_test/unit_test.o

.debug_macinfo
 *(.debug_macinfo)

.debug_weaknames
 *(.debug_weaknames)

.debug_funcnames
 *(.debug_funcnames)

.debug_typenames
 *(.debug_typenames)

.debug_varnames
 *(.debug_varnames)

.debug_pubtypes
 *(.debug_pubtypes)

.debug_ranges   0x00000000      0x148
 *(.debug_ranges)
 .debug_ranges  0x00000000       0x30 lib/src/debug.o
 .debug_ranges  0x00000030       0x28 lib/src/hardware_config.o
 .debug_ranges  0x00000058       0x18 lib/src/hardware_feature.o
 .debug_ranges  0x00000070       0x30 lib/src/LedBug.o
 .debug_ranges  0x000000a0       0x58 lib/src/serial.o
 .debug_ranges  0x000000f8       0x18 user/main.o
 .debug_ranges  0x00000110       0x28 user/unit_test/unit_test.o
 .debug_ranges  0x00000138       0x10 user/unit_test/unit_test_main.o

.debug_macro
 *(.debug_macro)
OUTPUT(bcr_2015.elf elf32-avr)
LOAD linker stubs
