Archive member included because of file (symbol)

c:/program files/atmel/atmel toolchain/avr8 gcc/native/3.4.1056/avr8-gnu-toolchain/bin/../lib/gcc/avr/4.8.1/../../../../avr/lib/avr5\libm.a(fixunssfsi.o)
                              lib/src/hardware_feature.o (__fixunssfsi)
c:/program files/atmel/atmel toolchain/avr8 gcc/native/3.4.1056/avr8-gnu-toolchain/bin/../lib/gcc/avr/4.8.1/../../../../avr/lib/avr5\libm.a(floatsisf.o)
                              lib/src/hardware_feature.o (__floatsisf)
c:/program files/atmel/atmel toolchain/avr8 gcc/native/3.4.1056/avr8-gnu-toolchain/bin/../lib/gcc/avr/4.8.1/../../../../avr/lib/avr5\libm.a(fp_split3.o)
                              c:/program files/atmel/atmel toolchain/avr8 gcc/native/3.4.1056/avr8-gnu-toolchain/bin/../lib/gcc/avr/4.8.1/../../../../avr/lib/avr5\libm.a(fixunssfsi.o) (__fp_splitA)
c:/program files/atmel/atmel toolchain/avr8 gcc/native/3.4.1056/avr8-gnu-toolchain/bin/../lib/gcc/avr/4.8.1/../../../../avr/lib/avr5\libm.a(fp_zero.o)
                              c:/program files/atmel/atmel toolchain/avr8 gcc/native/3.4.1056/avr8-gnu-toolchain/bin/../lib/gcc/avr/4.8.1/../../../../avr/lib/avr5\libm.a(fixunssfsi.o) (__fp_zero)
c:/program files/atmel/atmel toolchain/avr8 gcc/native/3.4.1056/avr8-gnu-toolchain/bin/../lib/gcc/avr/4.8.1/../../../../avr/lib/avr5\libm.a(mulsf3.o)
                              lib/src/hardware_feature.o (__mulsf3)
c:/program files/atmel/atmel toolchain/avr8 gcc/native/3.4.1056/avr8-gnu-toolchain/bin/../lib/gcc/avr/4.8.1/../../../../avr/lib/avr5\libm.a(mulsf3x.o)
                              c:/program files/atmel/atmel toolchain/avr8 gcc/native/3.4.1056/avr8-gnu-toolchain/bin/../lib/gcc/avr/4.8.1/../../../../avr/lib/avr5\libm.a(mulsf3.o) (__mulsf3x)
c:/program files/atmel/atmel toolchain/avr8 gcc/native/3.4.1056/avr8-gnu-toolchain/bin/../lib/gcc/avr/4.8.1/../../../../avr/lib/avr5\libm.a(fp_inf.o)
                              c:/program files/atmel/atmel toolchain/avr8 gcc/native/3.4.1056/avr8-gnu-toolchain/bin/../lib/gcc/avr/4.8.1/../../../../avr/lib/avr5\libm.a(mulsf3x.o) (__fp_inf)
c:/program files/atmel/atmel toolchain/avr8 gcc/native/3.4.1056/avr8-gnu-toolchain/bin/../lib/gcc/avr/4.8.1/../../../../avr/lib/avr5\libm.a(fp_nan.o)
                              c:/program files/atmel/atmel toolchain/avr8 gcc/native/3.4.1056/avr8-gnu-toolchain/bin/../lib/gcc/avr/4.8.1/../../../../avr/lib/avr5\libm.a(mulsf3x.o) (__fp_nan)
c:/program files/atmel/atmel toolchain/avr8 gcc/native/3.4.1056/avr8-gnu-toolchain/bin/../lib/gcc/avr/4.8.1/../../../../avr/lib/avr5\libm.a(fp_pscA.o)
                              c:/program files/atmel/atmel toolchain/avr8 gcc/native/3.4.1056/avr8-gnu-toolchain/bin/../lib/gcc/avr/4.8.1/../../../../avr/lib/avr5\libm.a(mulsf3x.o) (__fp_pscA)
c:/program files/atmel/atmel toolchain/avr8 gcc/native/3.4.1056/avr8-gnu-toolchain/bin/../lib/gcc/avr/4.8.1/../../../../avr/lib/avr5\libm.a(fp_pscB.o)
                              c:/program files/atmel/atmel toolchain/avr8 gcc/native/3.4.1056/avr8-gnu-toolchain/bin/../lib/gcc/avr/4.8.1/../../../../avr/lib/avr5\libm.a(mulsf3x.o) (__fp_pscB)
c:/program files/atmel/atmel toolchain/avr8 gcc/native/3.4.1056/avr8-gnu-toolchain/bin/../lib/gcc/avr/4.8.1/../../../../avr/lib/avr5\libm.a(fp_round.o)
                              c:/program files/atmel/atmel toolchain/avr8 gcc/native/3.4.1056/avr8-gnu-toolchain/bin/../lib/gcc/avr/4.8.1/../../../../avr/lib/avr5\libm.a(mulsf3.o) (__fp_round)
c:/program files/atmel/atmel toolchain/avr8 gcc/native/3.4.1056/avr8-gnu-toolchain/bin/../lib/gcc/avr/4.8.1/avr5\libgcc.a(_exit.o)
                              c:/program files/atmel/atmel toolchain/avr8 gcc/native/3.4.1056/avr8-gnu-toolchain/bin/../lib/gcc/avr/4.8.1/../../../../avr/lib/avr5/crtm16a.o (exit)
c:/program files/atmel/atmel toolchain/avr8 gcc/native/3.4.1056/avr8-gnu-toolchain/bin/../lib/gcc/avr/4.8.1/avr5\libgcc.a(_tablejump.o)
                              user/main.o (__tablejump2__)
c:/program files/atmel/atmel toolchain/avr8 gcc/native/3.4.1056/avr8-gnu-toolchain/bin/../lib/gcc/avr/4.8.1/avr5\libgcc.a(_copy_data.o)
                              lib/src/LedBug.o (__do_copy_data)
c:/program files/atmel/atmel toolchain/avr8 gcc/native/3.4.1056/avr8-gnu-toolchain/bin/../lib/gcc/avr/4.8.1/avr5\libgcc.a(_clear_bss.o)
                              lib/src/debug.o (__do_clear_bss)
c:/program files/atmel/atmel toolchain/avr8 gcc/native/3.4.1056/avr8-gnu-toolchain/bin/../lib/gcc/avr/4.8.1/avr5\libgcc.a(_umulhisi3.o)
                              lib/src/debug.o (__umulhisi3)
c:/program files/atmel/atmel toolchain/avr8 gcc/native/3.4.1056/avr8-gnu-toolchain/bin/../lib/gcc/avr/4.8.1/../../../../avr/lib/avr5\libc.a(calloc.o)
                              lib/src/debug.o (calloc)
c:/program files/atmel/atmel toolchain/avr8 gcc/native/3.4.1056/avr8-gnu-toolchain/bin/../lib/gcc/avr/4.8.1/../../../../avr/lib/avr5\libc.a(malloc.o)
                              c:/program files/atmel/atmel toolchain/avr8 gcc/native/3.4.1056/avr8-gnu-toolchain/bin/../lib/gcc/avr/4.8.1/../../../../avr/lib/avr5\libc.a(calloc.o) (malloc)
c:/program files/atmel/atmel toolchain/avr8 gcc/native/3.4.1056/avr8-gnu-toolchain/bin/../lib/gcc/avr/4.8.1/../../../../avr/lib/avr5\libc.a(memset.o)
                              c:/program files/atmel/atmel toolchain/avr8 gcc/native/3.4.1056/avr8-gnu-toolchain/bin/../lib/gcc/avr/4.8.1/../../../../avr/lib/avr5\libc.a(calloc.o) (memset)
c:/program files/atmel/atmel toolchain/avr8 gcc/native/3.4.1056/avr8-gnu-toolchain/bin/../lib/gcc/avr/4.8.1/../../../../avr/lib/avr5\libc.a(eerd_word_atmega16a.o)
                              lib/src/hardware_feature.o (__eerd_word_m16a)
c:/program files/atmel/atmel toolchain/avr8 gcc/native/3.4.1056/avr8-gnu-toolchain/bin/../lib/gcc/avr/4.8.1/../../../../avr/lib/avr5\libc.a(eewr_word_atmega16a.o)
                              lib/src/hardware_feature.o (__eewr_word_m16a)
c:/program files/atmel/atmel toolchain/avr8 gcc/native/3.4.1056/avr8-gnu-toolchain/bin/../lib/gcc/avr/4.8.1/../../../../avr/lib/avr5\libc.a(eerd_block_atmega16a.o)
                              c:/program files/atmel/atmel toolchain/avr8 gcc/native/3.4.1056/avr8-gnu-toolchain/bin/../lib/gcc/avr/4.8.1/../../../../avr/lib/avr5\libc.a(eerd_word_atmega16a.o) (__eerd_blraw_m16a)
c:/program files/atmel/atmel toolchain/avr8 gcc/native/3.4.1056/avr8-gnu-toolchain/bin/../lib/gcc/avr/4.8.1/../../../../avr/lib/avr5\libc.a(eewr_byte_atmega16a.o)
                              c:/program files/atmel/atmel toolchain/avr8 gcc/native/3.4.1056/avr8-gnu-toolchain/bin/../lib/gcc/avr/4.8.1/../../../../avr/lib/avr5\libc.a(eewr_word_atmega16a.o) (__eewr_byte_m16a)

Allocating common symbols
Common symbol       size              file

sUartPacket         0x5               lib/src/debug.o
ptr_rx_buff         0x2               lib/src/debug.o
uiAdMax             0x10              lib/src/hardware_feature.o
LED_STATE           0x1               lib/src/LedBug.o
LED_EVENT           0x1               lib/src/LedBug.o
index_rx_buf        0x2               lib/src/debug.o
ptr_command_data    0x2               lib/src/debug.o
__brkval            0x2               c:/program files/atmel/atmel toolchain/avr8 gcc/native/3.4.1056/avr8-gnu-toolchain/bin/../lib/gcc/avr/4.8.1/../../../../avr/lib/avr5\libc.a(malloc.o)
uiAdAverage         0x10              lib/src/hardware_feature.o
uiAdMin             0x10              lib/src/hardware_feature.o
__flp               0x2               c:/program files/atmel/atmel toolchain/avr8 gcc/native/3.4.1056/avr8-gnu-toolchain/bin/../lib/gcc/avr/4.8.1/../../../../avr/lib/avr5\libc.a(malloc.o)

Discarded input sections

 .bss           0x00000000        0x0 c:/program files/atmel/atmel toolchain/avr8 gcc/native/3.4.1056/avr8-gnu-toolchain/bin/../lib/gcc/avr/4.8.1/../../../../avr/lib/avr5/crtm16a.o
 .text          0x00000000        0x0 lib/src/debug.o
 .bss           0x00000000        0x0 lib/src/debug.o
 .text.ucGetDataLength
                0x00000000        0x6 lib/src/debug.o
 .text.vOutUDec
                0x00000000       0x5a lib/src/debug.o
 .text.vOutUHex
                0x00000000       0x42 lib/src/debug.o
 .text.vPutStr  0x00000000       0x28 lib/src/debug.o
 .text.vPutIntNum
                0x00000000       0x48 lib/src/debug.o
 .text          0x00000000        0x0 lib/src/hardware_config.o
 .bss           0x00000000        0x0 lib/src/hardware_config.o
 .text.vInitTimer2
                0x00000000        0x6 lib/src/hardware_config.o
 .text          0x00000000        0x0 lib/src/hardware_feature.o
 .bss           0x00000000        0x0 lib/src/hardware_feature.o
 .text.vSetBF   0x00000000       0x16 lib/src/hardware_feature.o
 .text.iGetInclined
                0x00000000        0x6 lib/src/hardware_feature.o
 .text.iGetSensorPosition
                0x00000000        0x6 lib/src/hardware_feature.o
 .text          0x00000000        0x0 lib/src/LedBug.o
 .bss           0x00000000        0x0 lib/src/LedBug.o
 COMMON         0x00000000        0x2 lib/src/LedBug.o
 .text          0x00000000        0x0 lib/src/serial.o
 .bss           0x00000000        0x0 lib/src/serial.o
 .text.uart_puts
                0x00000000       0x1e lib/src/serial.o
 .text.uart_puts_p
                0x00000000       0x24 lib/src/serial.o
 .text          0x00000000        0x0 user/main.o
 .bss           0x00000000        0x0 user/main.o
 .text.noLine   0x00000000        0x6 user/main.o
 .text.turn90   0x00000000        0x6 user/main.o
 .text.turn90left
                0x00000000        0x2 user/main.o
 .text.turn90right
                0x00000000        0x2 user/main.o
 .text.followLineAfterSignal
                0x00000000       0x72 user/main.o
 .text.check_rightline
                0x00000000       0x16 user/main.o
 .text.check_leftline
                0x00000000       0x16 user/main.o
 .bss.crossline
                0x00000000        0x2 user/main.o
 .bss.s_cnt     0x00000000        0x2 user/main.o
 .text          0x00000000        0x0 user/unit_test/unit_test.o
 .bss           0x00000000        0x0 user/unit_test/unit_test.o
 .text.vLedDebugTest
                0x00000000       0x78 user/unit_test/unit_test.o
 .text.vKeyTest
                0x00000000       0x14 user/unit_test/unit_test.o
 .text.vSwitchTest
                0x00000000       0x10 user/unit_test/unit_test.o
 .text.vSlaveTest
                0x00000000       0x2a user/unit_test/unit_test.o
 .text          0x00000000        0x0 user/unit_test/unit_test_main.o
 .bss           0x00000000        0x0 user/unit_test/unit_test_main.o
 .text.vUnitTest
                0x00000000        0x6 user/unit_test/unit_test_main.o
 .text          0x00000000        0x0 c:/program files/atmel/atmel toolchain/avr8 gcc/native/3.4.1056/avr8-gnu-toolchain/bin/../lib/gcc/avr/4.8.1/../../../../avr/lib/avr5\libm.a(fixunssfsi.o)
 .bss           0x00000000        0x0 c:/program files/atmel/atmel toolchain/avr8 gcc/native/3.4.1056/avr8-gnu-toolchain/bin/../lib/gcc/avr/4.8.1/../../../../avr/lib/avr5\libm.a(fixunssfsi.o)
 .text          0x00000000        0x0 c:/program files/atmel/atmel toolchain/avr8 gcc/native/3.4.1056/avr8-gnu-toolchain/bin/../lib/gcc/avr/4.8.1/../../../../avr/lib/avr5\libm.a(floatsisf.o)
 .bss           0x00000000        0x0 c:/program files/atmel/atmel toolchain/avr8 gcc/native/3.4.1056/avr8-gnu-toolchain/bin/../lib/gcc/avr/4.8.1/../../../../avr/lib/avr5\libm.a(floatsisf.o)
 .text          0x00000000        0x0 c:/program files/atmel/atmel toolchain/avr8 gcc/native/3.4.1056/avr8-gnu-toolchain/bin/../lib/gcc/avr/4.8.1/../../../../avr/lib/avr5\libm.a(fp_split3.o)
 .bss           0x00000000        0x0 c:/program files/atmel/atmel toolchain/avr8 gcc/native/3.4.1056/avr8-gnu-toolchain/bin/../lib/gcc/avr/4.8.1/../../../../avr/lib/avr5\libm.a(fp_split3.o)
 .text          0x00000000        0x0 c:/program files/atmel/atmel toolchain/avr8 gcc/native/3.4.1056/avr8-gnu-toolchain/bin/../lib/gcc/avr/4.8.1/../../../../avr/lib/avr5\libm.a(fp_zero.o)
 .bss           0x00000000        0x0 c:/program files/atmel/atmel toolchain/avr8 gcc/native/3.4.1056/avr8-gnu-toolchain/bin/../lib/gcc/avr/4.8.1/../../../../avr/lib/avr5\libm.a(fp_zero.o)
 .text          0x00000000        0x0 c:/program files/atmel/atmel toolchain/avr8 gcc/native/3.4.1056/avr8-gnu-toolchain/bin/../lib/gcc/avr/4.8.1/../../../../avr/lib/avr5\libm.a(mulsf3.o)
 .bss           0x00000000        0x0 c:/program files/atmel/atmel toolchain/avr8 gcc/native/3.4.1056/avr8-gnu-toolchain/bin/../lib/gcc/avr/4.8.1/../../../../avr/lib/avr5\libm.a(mulsf3.o)
 .text          0x00000000        0x0 c:/program files/atmel/atmel toolchain/avr8 gcc/native/3.4.1056/avr8-gnu-toolchain/bin/../lib/gcc/avr/4.8.1/../../../../avr/lib/avr5\libm.a(mulsf3x.o)
 .bss           0x00000000        0x0 c:/program files/atmel/atmel toolchain/avr8 gcc/native/3.4.1056/avr8-gnu-toolchain/bin/../lib/gcc/avr/4.8.1/../../../../avr/lib/avr5\libm.a(mulsf3x.o)
 .text          0x00000000        0x0 c:/program files/atmel/atmel toolchain/avr8 gcc/native/3.4.1056/avr8-gnu-toolchain/bin/../lib/gcc/avr/4.8.1/../../../../avr/lib/avr5\libm.a(fp_inf.o)
 .bss           0x00000000        0x0 c:/program files/atmel/atmel toolchain/avr8 gcc/native/3.4.1056/avr8-gnu-toolchain/bin/../lib/gcc/avr/4.8.1/../../../../avr/lib/avr5\libm.a(fp_inf.o)
 .text          0x00000000        0x0 c:/program files/atmel/atmel toolchain/avr8 gcc/native/3.4.1056/avr8-gnu-toolchain/bin/../lib/gcc/avr/4.8.1/../../../../avr/lib/avr5\libm.a(fp_nan.o)
 .bss           0x00000000        0x0 c:/program files/atmel/atmel toolchain/avr8 gcc/native/3.4.1056/avr8-gnu-toolchain/bin/../lib/gcc/avr/4.8.1/../../../../avr/lib/avr5\libm.a(fp_nan.o)
 .text          0x00000000        0x0 c:/program files/atmel/atmel toolchain/avr8 gcc/native/3.4.1056/avr8-gnu-toolchain/bin/../lib/gcc/avr/4.8.1/../../../../avr/lib/avr5\libm.a(fp_pscA.o)
 .bss           0x00000000        0x0 c:/program files/atmel/atmel toolchain/avr8 gcc/native/3.4.1056/avr8-gnu-toolchain/bin/../lib/gcc/avr/4.8.1/../../../../avr/lib/avr5\libm.a(fp_pscA.o)
 .text          0x00000000        0x0 c:/program files/atmel/atmel toolchain/avr8 gcc/native/3.4.1056/avr8-gnu-toolchain/bin/../lib/gcc/avr/4.8.1/../../../../avr/lib/avr5\libm.a(fp_pscB.o)
 .bss           0x00000000        0x0 c:/program files/atmel/atmel toolchain/avr8 gcc/native/3.4.1056/avr8-gnu-toolchain/bin/../lib/gcc/avr/4.8.1/../../../../avr/lib/avr5\libm.a(fp_pscB.o)
 .text          0x00000000        0x0 c:/program files/atmel/atmel toolchain/avr8 gcc/native/3.4.1056/avr8-gnu-toolchain/bin/../lib/gcc/avr/4.8.1/../../../../avr/lib/avr5\libm.a(fp_round.o)
 .bss           0x00000000        0x0 c:/program files/atmel/atmel toolchain/avr8 gcc/native/3.4.1056/avr8-gnu-toolchain/bin/../lib/gcc/avr/4.8.1/../../../../avr/lib/avr5\libm.a(fp_round.o)
 .text          0x00000000        0x0 c:/program files/atmel/atmel toolchain/avr8 gcc/native/3.4.1056/avr8-gnu-toolchain/bin/../lib/gcc/avr/4.8.1/avr5\libgcc.a(_exit.o)
 .bss           0x00000000        0x0 c:/program files/atmel/atmel toolchain/avr8 gcc/native/3.4.1056/avr8-gnu-toolchain/bin/../lib/gcc/avr/4.8.1/avr5\libgcc.a(_exit.o)
 .text.libgcc.mul
                0x00000000        0x0 c:/program files/atmel/atmel toolchain/avr8 gcc/native/3.4.1056/avr8-gnu-toolchain/bin/../lib/gcc/avr/4.8.1/avr5\libgcc.a(_exit.o)
 .text.libgcc.div
                0x00000000        0x0 c:/program files/atmel/atmel toolchain/avr8 gcc/native/3.4.1056/avr8-gnu-toolchain/bin/../lib/gcc/avr/4.8.1/avr5\libgcc.a(_exit.o)
 .text.libgcc   0x00000000        0x0 c:/program files/atmel/atmel toolchain/avr8 gcc/native/3.4.1056/avr8-gnu-toolchain/bin/../lib/gcc/avr/4.8.1/avr5\libgcc.a(_exit.o)
 .text.libgcc.prologue
                0x00000000        0x0 c:/program files/atmel/atmel toolchain/avr8 gcc/native/3.4.1056/avr8-gnu-toolchain/bin/../lib/gcc/avr/4.8.1/avr5\libgcc.a(_exit.o)
 .text.libgcc.builtins
                0x00000000        0x0 c:/program files/atmel/atmel toolchain/avr8 gcc/native/3.4.1056/avr8-gnu-toolchain/bin/../lib/gcc/avr/4.8.1/avr5\libgcc.a(_exit.o)
 .text.libgcc.fmul
                0x00000000        0x0 c:/program files/atmel/atmel toolchain/avr8 gcc/native/3.4.1056/avr8-gnu-toolchain/bin/../lib/gcc/avr/4.8.1/avr5\libgcc.a(_exit.o)
 .text.libgcc.fixed
                0x00000000        0x0 c:/program files/atmel/atmel toolchain/avr8 gcc/native/3.4.1056/avr8-gnu-toolchain/bin/../lib/gcc/avr/4.8.1/avr5\libgcc.a(_exit.o)
 .text          0x00000000        0x0 c:/program files/atmel/atmel toolchain/avr8 gcc/native/3.4.1056/avr8-gnu-toolchain/bin/../lib/gcc/avr/4.8.1/avr5\libgcc.a(_tablejump.o)
 .bss           0x00000000        0x0 c:/program files/atmel/atmel toolchain/avr8 gcc/native/3.4.1056/avr8-gnu-toolchain/bin/../lib/gcc/avr/4.8.1/avr5\libgcc.a(_tablejump.o)
 .text.libgcc.mul
                0x00000000        0x0 c:/program files/atmel/atmel toolchain/avr8 gcc/native/3.4.1056/avr8-gnu-toolchain/bin/../lib/gcc/avr/4.8.1/avr5\libgcc.a(_tablejump.o)
 .text.libgcc.div
                0x00000000        0x0 c:/program files/atmel/atmel toolchain/avr8 gcc/native/3.4.1056/avr8-gnu-toolchain/bin/../lib/gcc/avr/4.8.1/avr5\libgcc.a(_tablejump.o)
 .text.libgcc.prologue
                0x00000000        0x0 c:/program files/atmel/atmel toolchain/avr8 gcc/native/3.4.1056/avr8-gnu-toolchain/bin/../lib/gcc/avr/4.8.1/avr5\libgcc.a(_tablejump.o)
 .text.libgcc.builtins
                0x00000000        0x0 c:/program files/atmel/atmel toolchain/avr8 gcc/native/3.4.1056/avr8-gnu-toolchain/bin/../lib/gcc/avr/4.8.1/avr5\libgcc.a(_tablejump.o)
 .text.libgcc.fmul
                0x00000000        0x0 c:/program files/atmel/atmel toolchain/avr8 gcc/native/3.4.1056/avr8-gnu-toolchain/bin/../lib/gcc/avr/4.8.1/avr5\libgcc.a(_tablejump.o)
 .text.libgcc.fixed
                0x00000000        0x0 c:/program files/atmel/atmel toolchain/avr8 gcc/native/3.4.1056/avr8-gnu-toolchain/bin/../lib/gcc/avr/4.8.1/avr5\libgcc.a(_tablejump.o)
 .text          0x00000000        0x0 c:/program files/atmel/atmel toolchain/avr8 gcc/native/3.4.1056/avr8-gnu-toolchain/bin/../lib/gcc/avr/4.8.1/avr5\libgcc.a(_copy_data.o)
 .bss           0x00000000        0x0 c:/program files/atmel/atmel toolchain/avr8 gcc/native/3.4.1056/avr8-gnu-toolchain/bin/../lib/gcc/avr/4.8.1/avr5\libgcc.a(_copy_data.o)
 .text.libgcc.mul
                0x00000000        0x0 c:/program files/atmel/atmel toolchain/avr8 gcc/native/3.4.1056/avr8-gnu-toolchain/bin/../lib/gcc/avr/4.8.1/avr5\libgcc.a(_copy_data.o)
 .text.libgcc.div
                0x00000000        0x0 c:/program files/atmel/atmel toolchain/avr8 gcc/native/3.4.1056/avr8-gnu-toolchain/bin/../lib/gcc/avr/4.8.1/avr5\libgcc.a(_copy_data.o)
 .text.libgcc   0x00000000        0x0 c:/program files/atmel/atmel toolchain/avr8 gcc/native/3.4.1056/avr8-gnu-toolchain/bin/../lib/gcc/avr/4.8.1/avr5\libgcc.a(_copy_data.o)
 .text.libgcc.prologue
                0x00000000        0x0 c:/program files/atmel/atmel toolchain/avr8 gcc/native/3.4.1056/avr8-gnu-toolchain/bin/../lib/gcc/avr/4.8.1/avr5\libgcc.a(_copy_data.o)
 .text.libgcc.builtins
                0x00000000        0x0 c:/program files/atmel/atmel toolchain/avr8 gcc/native/3.4.1056/avr8-gnu-toolchain/bin/../lib/gcc/avr/4.8.1/avr5\libgcc.a(_copy_data.o)
 .text.libgcc.fmul
                0x00000000        0x0 c:/program files/atmel/atmel toolchain/avr8 gcc/native/3.4.1056/avr8-gnu-toolchain/bin/../lib/gcc/avr/4.8.1/avr5\libgcc.a(_copy_data.o)
 .text.libgcc.fixed
                0x00000000        0x0 c:/program files/atmel/atmel toolchain/avr8 gcc/native/3.4.1056/avr8-gnu-toolchain/bin/../lib/gcc/avr/4.8.1/avr5\libgcc.a(_copy_data.o)
 .text          0x00000000        0x0 c:/program files/atmel/atmel toolchain/avr8 gcc/native/3.4.1056/avr8-gnu-toolchain/bin/../lib/gcc/avr/4.8.1/avr5\libgcc.a(_clear_bss.o)
 .bss           0x00000000        0x0 c:/program files/atmel/atmel toolchain/avr8 gcc/native/3.4.1056/avr8-gnu-toolchain/bin/../lib/gcc/avr/4.8.1/avr5\libgcc.a(_clear_bss.o)
 .text.libgcc.mul
                0x00000000        0x0 c:/program files/atmel/atmel toolchain/avr8 gcc/native/3.4.1056/avr8-gnu-toolchain/bin/../lib/gcc/avr/4.8.1/avr5\libgcc.a(_clear_bss.o)
 .text.libgcc.div
                0x00000000        0x0 c:/program files/atmel/atmel toolchain/avr8 gcc/native/3.4.1056/avr8-gnu-toolchain/bin/../lib/gcc/avr/4.8.1/avr5\libgcc.a(_clear_bss.o)
 .text.libgcc   0x00000000        0x0 c:/program files/atmel/atmel toolchain/avr8 gcc/native/3.4.1056/avr8-gnu-toolchain/bin/../lib/gcc/avr/4.8.1/avr5\libgcc.a(_clear_bss.o)
 .text.libgcc.prologue
                0x00000000        0x0 c:/program files/atmel/atmel toolchain/avr8 gcc/native/3.4.1056/avr8-gnu-toolchain/bin/../lib/gcc/avr/4.8.1/avr5\libgcc.a(_clear_bss.o)
 .text.libgcc.builtins
                0x00000000        0x0 c:/program files/atmel/atmel toolchain/avr8 gcc/native/3.4.1056/avr8-gnu-toolchain/bin/../lib/gcc/avr/4.8.1/avr5\libgcc.a(_clear_bss.o)
 .text.libgcc.fmul
                0x00000000        0x0 c:/program files/atmel/atmel toolchain/avr8 gcc/native/3.4.1056/avr8-gnu-toolchain/bin/../lib/gcc/avr/4.8.1/avr5\libgcc.a(_clear_bss.o)
 .text.libgcc.fixed
                0x00000000        0x0 c:/program files/atmel/atmel toolchain/avr8 gcc/native/3.4.1056/avr8-gnu-toolchain/bin/../lib/gcc/avr/4.8.1/avr5\libgcc.a(_clear_bss.o)
 .text          0x00000000        0x0 c:/program files/atmel/atmel toolchain/avr8 gcc/native/3.4.1056/avr8-gnu-toolchain/bin/../lib/gcc/avr/4.8.1/avr5\libgcc.a(_umulhisi3.o)
 .bss           0x00000000        0x0 c:/program files/atmel/atmel toolchain/avr8 gcc/native/3.4.1056/avr8-gnu-toolchain/bin/../lib/gcc/avr/4.8.1/avr5\libgcc.a(_umulhisi3.o)
 .text.libgcc.div
                0x00000000        0x0 c:/program files/atmel/atmel toolchain/avr8 gcc/native/3.4.1056/avr8-gnu-toolchain/bin/../lib/gcc/avr/4.8.1/avr5\libgcc.a(_umulhisi3.o)
 .text.libgcc   0x00000000        0x0 c:/program files/atmel/atmel toolchain/avr8 gcc/native/3.4.1056/avr8-gnu-toolchain/bin/../lib/gcc/avr/4.8.1/avr5\libgcc.a(_umulhisi3.o)
 .text.libgcc.prologue
                0x00000000        0x0 c:/program files/atmel/atmel toolchain/avr8 gcc/native/3.4.1056/avr8-gnu-toolchain/bin/../lib/gcc/avr/4.8.1/avr5\libgcc.a(_umulhisi3.o)
 .text.libgcc.builtins
                0x00000000        0x0 c:/program files/atmel/atmel toolchain/avr8 gcc/native/3.4.1056/avr8-gnu-toolchain/bin/../lib/gcc/avr/4.8.1/avr5\libgcc.a(_umulhisi3.o)
 .text.libgcc.fmul
                0x00000000        0x0 c:/program files/atmel/atmel toolchain/avr8 gcc/native/3.4.1056/avr8-gnu-toolchain/bin/../lib/gcc/avr/4.8.1/avr5\libgcc.a(_umulhisi3.o)
 .text.libgcc.fixed
                0x00000000        0x0 c:/program files/atmel/atmel toolchain/avr8 gcc/native/3.4.1056/avr8-gnu-toolchain/bin/../lib/gcc/avr/4.8.1/avr5\libgcc.a(_umulhisi3.o)
 .text          0x00000000        0x0 c:/program files/atmel/atmel toolchain/avr8 gcc/native/3.4.1056/avr8-gnu-toolchain/bin/../lib/gcc/avr/4.8.1/../../../../avr/lib/avr5\libc.a(calloc.o)
 .bss           0x00000000        0x0 c:/program files/atmel/atmel toolchain/avr8 gcc/native/3.4.1056/avr8-gnu-toolchain/bin/../lib/gcc/avr/4.8.1/../../../../avr/lib/avr5\libc.a(calloc.o)
 .text          0x00000000        0x0 c:/program files/atmel/atmel toolchain/avr8 gcc/native/3.4.1056/avr8-gnu-toolchain/bin/../lib/gcc/avr/4.8.1/../../../../avr/lib/avr5\libc.a(malloc.o)
 .bss           0x00000000        0x0 c:/program files/atmel/atmel toolchain/avr8 gcc/native/3.4.1056/avr8-gnu-toolchain/bin/../lib/gcc/avr/4.8.1/../../../../avr/lib/avr5\libc.a(malloc.o)
 .text          0x00000000        0x0 c:/program files/atmel/atmel toolchain/avr8 gcc/native/3.4.1056/avr8-gnu-toolchain/bin/../lib/gcc/avr/4.8.1/../../../../avr/lib/avr5\libc.a(memset.o)
 .bss           0x00000000        0x0 c:/program files/atmel/atmel toolchain/avr8 gcc/native/3.4.1056/avr8-gnu-toolchain/bin/../lib/gcc/avr/4.8.1/../../../../avr/lib/avr5\libc.a(memset.o)
 .text          0x00000000        0x0 c:/program files/atmel/atmel toolchain/avr8 gcc/native/3.4.1056/avr8-gnu-toolchain/bin/../lib/gcc/avr/4.8.1/../../../../avr/lib/avr5\libc.a(eerd_word_atmega16a.o)
 .bss           0x00000000        0x0 c:/program files/atmel/atmel toolchain/avr8 gcc/native/3.4.1056/avr8-gnu-toolchain/bin/../lib/gcc/avr/4.8.1/../../../../avr/lib/avr5\libc.a(eerd_word_atmega16a.o)
 .text          0x00000000        0x0 c:/program files/atmel/atmel toolchain/avr8 gcc/native/3.4.1056/avr8-gnu-toolchain/bin/../lib/gcc/avr/4.8.1/../../../../avr/lib/avr5\libc.a(eewr_word_atmega16a.o)
 .bss           0x00000000        0x0 c:/program files/atmel/atmel toolchain/avr8 gcc/native/3.4.1056/avr8-gnu-toolchain/bin/../lib/gcc/avr/4.8.1/../../../../avr/lib/avr5\libc.a(eewr_word_atmega16a.o)
 .text          0x00000000        0x0 c:/program files/atmel/atmel toolchain/avr8 gcc/native/3.4.1056/avr8-gnu-toolchain/bin/../lib/gcc/avr/4.8.1/../../../../avr/lib/avr5\libc.a(eerd_block_atmega16a.o)
 .bss           0x00000000        0x0 c:/program files/atmel/atmel toolchain/avr8 gcc/native/3.4.1056/avr8-gnu-toolchain/bin/../lib/gcc/avr/4.8.1/../../../../avr/lib/avr5\libc.a(eerd_block_atmega16a.o)
 .text          0x00000000        0x0 c:/program files/atmel/atmel toolchain/avr8 gcc/native/3.4.1056/avr8-gnu-toolchain/bin/../lib/gcc/avr/4.8.1/../../../../avr/lib/avr5\libc.a(eewr_byte_atmega16a.o)
 .bss           0x00000000        0x0 c:/program files/atmel/atmel toolchain/avr8 gcc/native/3.4.1056/avr8-gnu-toolchain/bin/../lib/gcc/avr/4.8.1/../../../../avr/lib/avr5\libc.a(eewr_byte_atmega16a.o)

Memory Configuration

Name             Origin             Length             Attributes
text             0x00000000         0x00020000         xr
data             0x00800060         0x0000ffa0         rw !x
eeprom           0x00810000         0x00010000         rw !x
fuse             0x00820000         0x00000400         rw !x
lock             0x00830000         0x00000400         rw !x
signature        0x00840000         0x00000400         rw !x
user_signatures  0x00850000         0x00000400         rw !x
*default*        0x00000000         0xffffffff

Linker script and memory map

LOAD c:/program files/atmel/atmel toolchain/avr8 gcc/native/3.4.1056/avr8-gnu-toolchain/bin/../lib/gcc/avr/4.8.1/../../../../avr/lib/avr5/crtm16a.o
LOAD lib/src/debug.o
LOAD lib/src/hardware_config.o
LOAD lib/src/hardware_feature.o
LOAD lib/src/LedBug.o
LOAD lib/src/serial.o
LOAD user/main.o
LOAD user/unit_test/unit_test.o
LOAD user/unit_test/unit_test_main.o
START GROUP
LOAD c:/program files/atmel/atmel toolchain/avr8 gcc/native/3.4.1056/avr8-gnu-toolchain/bin/../lib/gcc/avr/4.8.1/../../../../avr/lib/avr5\libm.a
END GROUP
START GROUP
LOAD c:/program files/atmel/atmel toolchain/avr8 gcc/native/3.4.1056/avr8-gnu-toolchain/bin/../lib/gcc/avr/4.8.1/avr5\libgcc.a
LOAD c:/program files/atmel/atmel toolchain/avr8 gcc/native/3.4.1056/avr8-gnu-toolchain/bin/../lib/gcc/avr/4.8.1/../../../../avr/lib/avr5\libm.a
LOAD c:/program files/atmel/atmel toolchain/avr8 gcc/native/3.4.1056/avr8-gnu-toolchain/bin/../lib/gcc/avr/4.8.1/../../../../avr/lib/avr5\libc.a
END GROUP

.hash
 *(.hash)

.dynsym
 *(.dynsym)

.dynstr
 *(.dynstr)

.gnu.version
 *(.gnu.version)

.gnu.version_d
 *(.gnu.version_d)

.gnu.version_r
 *(.gnu.version_r)

.rel.init
 *(.rel.init)

.rela.init
 *(.rela.init)

.rel.text
 *(.rel.text)
 *(.rel.text.*)
 *(.rel.gnu.linkonce.t*)

.rela.text
 *(.rela.text)
 *(.rela.text.*)
 *(.rela.gnu.linkonce.t*)

.rel.fini
 *(.rel.fini)

.rela.fini
 *(.rela.fini)

.rel.rodata
 *(.rel.rodata)
 *(.rel.rodata.*)
 *(.rel.gnu.linkonce.r*)

.rela.rodata
 *(.rela.rodata)
 *(.rela.rodata.*)
 *(.rela.gnu.linkonce.r*)

.rel.data
 *(.rel.data)
 *(.rel.data.*)
 *(.rel.gnu.linkonce.d*)

.rela.data
 *(.rela.data)
 *(.rela.data.*)
 *(.rela.gnu.linkonce.d*)

.rel.ctors
 *(.rel.ctors)

.rela.ctors
 *(.rela.ctors)

.rel.dtors
 *(.rel.dtors)

.rela.dtors
 *(.rela.dtors)

.rel.got
 *(.rel.got)

.rela.got
 *(.rela.got)

.rel.bss
 *(.rel.bss)

.rela.bss
 *(.rela.bss)

.rel.plt
 *(.rel.plt)

.rela.plt
 *(.rela.plt)

.text           0x00000000     0x14f0
 *(.vectors)
 .vectors       0x00000000       0x54 c:/program files/atmel/atmel toolchain/avr8 gcc/native/3.4.1056/avr8-gnu-toolchain/bin/../lib/gcc/avr/4.8.1/../../../../avr/lib/avr5/crtm16a.o
                0x00000000                __vector_default
                0x00000000                __vectors
 *(.vectors)
 *(.progmem.gcc*)
 .progmem.gcc_sw_table.vRuning
                0x00000054       0x6e user/main.o
                0x000000c2                . = ALIGN (0x2)
                0x000000c2                __trampolines_start = .
 *(.trampolines)
 .trampolines   0x000000c2        0x0 linker stubs
 *(.trampolines*)
                0x000000c2                __trampolines_end = .
 *(.progmem*)
                0x000000c2                . = ALIGN (0x2)
 *(.jumptables)
 *(.jumptables*)
 *(.lowtext)
 *(.lowtext*)
                0x000000c2                __ctors_start = .
 *(.ctors)
                0x000000c2                __ctors_end = .
                0x000000c2                __dtors_start = .
 *(.dtors)
                0x000000c2                __dtors_end = .
 SORT(*)(.ctors)
 SORT(*)(.dtors)
 *(.init0)
 .init0         0x000000c2        0x0 c:/program files/atmel/atmel toolchain/avr8 gcc/native/3.4.1056/avr8-gnu-toolchain/bin/../lib/gcc/avr/4.8.1/../../../../avr/lib/avr5/crtm16a.o
                0x000000c2                __init
 *(.init0)
 *(.init1)
 *(.init1)
 *(.init2)
 .init2         0x000000c2        0xc c:/program files/atmel/atmel toolchain/avr8 gcc/native/3.4.1056/avr8-gnu-toolchain/bin/../lib/gcc/avr/4.8.1/../../../../avr/lib/avr5/crtm16a.o
 *(.init2)
 *(.init3)
 *(.init3)
 *(.init4)
 .init4         0x000000ce       0x16 c:/program files/atmel/atmel toolchain/avr8 gcc/native/3.4.1056/avr8-gnu-toolchain/bin/../lib/gcc/avr/4.8.1/avr5\libgcc.a(_copy_data.o)
                0x000000ce                __do_copy_data
 .init4         0x000000e4       0x10 c:/program files/atmel/atmel toolchain/avr8 gcc/native/3.4.1056/avr8-gnu-toolchain/bin/../lib/gcc/avr/4.8.1/avr5\libgcc.a(_clear_bss.o)
                0x000000e4                __do_clear_bss
 *(.init4)
 *(.init5)
 *(.init5)
 *(.init6)
 *(.init6)
 *(.init7)
 *(.init7)
 *(.init8)
 *(.init8)
 *(.init9)
 .init9         0x000000f4        0x8 c:/program files/atmel/atmel toolchain/avr8 gcc/native/3.4.1056/avr8-gnu-toolchain/bin/../lib/gcc/avr/4.8.1/../../../../avr/lib/avr5/crtm16a.o
 *(.init9)
 *(.text)
 .text          0x000000fc        0x4 c:/program files/atmel/atmel toolchain/avr8 gcc/native/3.4.1056/avr8-gnu-toolchain/bin/../lib/gcc/avr/4.8.1/../../../../avr/lib/avr5/crtm16a.o
                0x000000fc                __vector_1
                0x000000fc                __bad_interrupt
                0x000000fc                __vector_6
                0x000000fc                __vector_3
                0x000000fc                __vector_13
                0x000000fc                __vector_17
                0x000000fc                __vector_19
                0x000000fc                __vector_7
                0x000000fc                __vector_5
                0x000000fc                __vector_4
                0x000000fc                __vector_2
                0x000000fc                __vector_15
                0x000000fc                __vector_8
                0x000000fc                __vector_14
                0x000000fc                __vector_10
                0x000000fc                __vector_16
                0x000000fc                __vector_18
                0x000000fc                __vector_20
                0x00000100                . = ALIGN (0x2)
 *(.text.*)
 .text.v_init_debug_via_uart
                0x00000100       0x3a lib/src/debug.o
                0x00000100                v_init_debug_via_uart
 .text.bDebugProcess
                0x0000013a       0xe2 lib/src/debug.o
                0x0000013a                bDebugProcess
 .text.bMsgIsOK
                0x0000021c       0x14 lib/src/debug.o
                0x0000021c                bMsgIsOK
 .text.ucGetCMDInfo
                0x00000230        0x6 lib/src/debug.o
                0x00000230                ucGetCMDInfo
 .text.vSetCMDInfo
                0x00000236        0x6 lib/src/debug.o
                0x00000236                vSetCMDInfo
 .text.ucGetData
                0x0000023c       0x3e lib/src/debug.o
                0x0000023c                ucGetData
 .text.ucCalChecSum
                0x0000027a       0x54 lib/src/debug.o
                0x0000027a                ucCalChecSum
 .text.vSendMSG
                0x000002ce       0xca lib/src/debug.o
                0x000002ce                vSendMSG
 .text.vOutLed7
                0x00000398       0x88 lib/src/debug.o
                0x00000398                vOutLed7
 .text.vBeep    0x00000420       0x74 lib/src/debug.o
                0x00000420                vBeep
 .text.iGetInlined
                0x00000494       0x3c lib/src/debug.o
                0x00000494                iGetInlined
 .text.vInitTimer0
                0x000004d0        0xc lib/src/hardware_config.o
                0x000004d0                vInitTimer0
 .text.vInitTimer1
                0x000004dc       0x1e lib/src/hardware_config.o
                0x000004dc                vInitTimer1
 .text.vInitProgram
                0x000004fa       0x62 lib/src/hardware_config.o
                0x000004fa                vInitProgram
 .text.bKeyIsPress
                0x0000055c       0x58 lib/src/hardware_feature.o
                0x0000055c                bKeyIsPress
 .text.ucGetSwitch
                0x000005b4        0x8 lib/src/hardware_feature.o
                0x000005b4                ucGetSwitch
 .text.vMotor   0x000005bc       0xe0 lib/src/hardware_feature.o
                0x000005bc                vMotor
 .text.vServo   0x0000069c       0x16 lib/src/hardware_feature.o
                0x0000069c                vServo
 .text.isTester
                0x000006b2        0xe lib/src/hardware_feature.o
                0x000006b2                isTester
 .text.uiReadADC
                0x000006c0       0x10 lib/src/hardware_feature.o
                0x000006c0                uiReadADC
 .text.vLearnColor
                0x000006d0      0x158 lib/src/hardware_feature.o
                0x000006d0                vLearnColor
 .text.ucGetRawSensor
                0x00000828       0x7c lib/src/hardware_feature.o
                0x00000828                ucGetRawSensor
 .text.ucGetSensorData
                0x000008a4        0xe lib/src/hardware_feature.o
                0x000008a4                ucGetSensorData
 .text.bStartBarIsStart
                0x000008b2       0x14 lib/src/hardware_feature.o
                0x000008b2                bStartBarIsStart
 .text.vLoadE2P
                0x000008c6       0x44 lib/src/hardware_feature.o
                0x000008c6                vLoadE2P
 .text.vPeriodicDec
                0x0000090a       0x3a lib/src/LedBug.o
                0x0000090a                vPeriodicDec
 .text.vIntervalDec
                0x00000944       0x3a lib/src/LedBug.o
                0x00000944                vIntervalDec
 .text.ucPareLedEvent
                0x0000097e       0x64 lib/src/LedBug.o
                0x0000097e                ucPareLedEvent
 .text.vLedFlash
                0x000009e2       0x66 lib/src/LedBug.o
                0x000009e2                vLedFlash
 .text.vLedCtrl
                0x00000a48       0x1e lib/src/LedBug.o
                0x00000a48                vLedCtrl
 .text.__vector_11
                0x00000a66       0x58 lib/src/serial.o
                0x00000a66                __vector_11
 .text.__vector_12
                0x00000abe       0x48 lib/src/serial.o
                0x00000abe                __vector_12
 .text.uart_init
                0x00000b06       0x28 lib/src/serial.o
                0x00000b06                uart_init
 .text.uart_getc
                0x00000b2e       0x32 lib/src/serial.o
                0x00000b2e                uart_getc
 .text.uart_putc
                0x00000b60       0x20 lib/src/serial.o
                0x00000b60                uart_putc
 .text.vAssassin
                0x00000b80       0x30 user/main.o
                0x00000b80                vAssassin
 .text.vRuning  0x00000bb0      0x2c8 user/main.o
                0x00000bb0                vRuning
 .text.main     0x00000e78       0xe0 user/main.o
                0x00000e78                main
 .text.__vector_9
                0x00000f58       0x4c user/main.o
                0x00000f58                __vector_9
 .text.avr-libc.fplib
                0x00000fa4       0x58 c:/program files/atmel/atmel toolchain/avr8 gcc/native/3.4.1056/avr8-gnu-toolchain/bin/../lib/gcc/avr/4.8.1/../../../../avr/lib/avr5\libm.a(fixunssfsi.o)
                0x00000fa4                __fixunssfsi
 .text.avr-libc.fplib
                0x00000ffc       0x7a c:/program files/atmel/atmel toolchain/avr8 gcc/native/3.4.1056/avr8-gnu-toolchain/bin/../lib/gcc/avr/4.8.1/../../../../avr/lib/avr5\libm.a(floatsisf.o)
                0x00000ffc                __floatunsisf
                0x00001000                __floatsisf
 .text.avr-libc.fplib
                0x00001076       0x44 c:/program files/atmel/atmel toolchain/avr8 gcc/native/3.4.1056/avr8-gnu-toolchain/bin/../lib/gcc/avr/4.8.1/../../../../avr/lib/avr5\libm.a(fp_split3.o)
                0x00001076                __fp_split3
                0x00001086                __fp_splitA
 .text.avr-libc.fplib
                0x000010ba        0xe c:/program files/atmel/atmel toolchain/avr8 gcc/native/3.4.1056/avr8-gnu-toolchain/bin/../lib/gcc/avr/4.8.1/../../../../avr/lib/avr5\libm.a(fp_zero.o)
                0x000010ba                __fp_zero
                0x000010bc                __fp_szero
 .text.avr-libc.fplib
                0x000010c8        0x4 c:/program files/atmel/atmel toolchain/avr8 gcc/native/3.4.1056/avr8-gnu-toolchain/bin/../lib/gcc/avr/4.8.1/../../../../avr/lib/avr5\libm.a(mulsf3.o)
                0x000010c8                __mulsf3
 .text.avr-libc.fplib
                0x000010cc       0xc2 c:/program files/atmel/atmel toolchain/avr8 gcc/native/3.4.1056/avr8-gnu-toolchain/bin/../lib/gcc/avr/4.8.1/../../../../avr/lib/avr5\libm.a(mulsf3x.o)
                0x000010e0                __mulsf3x
                0x000010e4                __mulsf3_pse
 .text.avr-libc.fplib
                0x0000118e        0xc c:/program files/atmel/atmel toolchain/avr8 gcc/native/3.4.1056/avr8-gnu-toolchain/bin/../lib/gcc/avr/4.8.1/../../../../avr/lib/avr5\libm.a(fp_inf.o)
                0x0000118e                __fp_inf
 .text.avr-libc.fplib
                0x0000119a        0x6 c:/program files/atmel/atmel toolchain/avr8 gcc/native/3.4.1056/avr8-gnu-toolchain/bin/../lib/gcc/avr/4.8.1/../../../../avr/lib/avr5\libm.a(fp_nan.o)
                0x0000119a                __fp_nan
 .text.avr-libc.fplib
                0x000011a0        0xe c:/program files/atmel/atmel toolchain/avr8 gcc/native/3.4.1056/avr8-gnu-toolchain/bin/../lib/gcc/avr/4.8.1/../../../../avr/lib/avr5\libm.a(fp_pscA.o)
                0x000011a0                __fp_pscA
 .text.avr-libc.fplib
                0x000011ae        0xe c:/program files/atmel/atmel toolchain/avr8 gcc/native/3.4.1056/avr8-gnu-toolchain/bin/../lib/gcc/avr/4.8.1/../../../../avr/lib/avr5\libm.a(fp_pscB.o)
                0x000011ae                __fp_pscB
 .text.avr-libc.fplib
                0x000011bc       0x22 c:/program files/atmel/atmel toolchain/avr8 gcc/native/3.4.1056/avr8-gnu-toolchain/bin/../lib/gcc/avr/4.8.1/../../../../avr/lib/avr5\libm.a(fp_round.o)
                0x000011bc                __fp_round
 .text.libgcc   0x000011de        0xc c:/program files/atmel/atmel toolchain/avr8 gcc/native/3.4.1056/avr8-gnu-toolchain/bin/../lib/gcc/avr/4.8.1/avr5\libgcc.a(_tablejump.o)
                0x000011de                __tablejump2__
                0x000011e2                __tablejump__
 .text.libgcc.mul
                0x000011ea       0x1e c:/program files/atmel/atmel toolchain/avr8 gcc/native/3.4.1056/avr8-gnu-toolchain/bin/../lib/gcc/avr/4.8.1/avr5\libgcc.a(_umulhisi3.o)
                0x000011ea                __umulhisi3
 .text.avr-libc
                0x00001208       0x38 c:/program files/atmel/atmel toolchain/avr8 gcc/native/3.4.1056/avr8-gnu-toolchain/bin/../lib/gcc/avr/4.8.1/../../../../avr/lib/avr5\libc.a(calloc.o)
                0x00001208                calloc
 .text.avr-libc
                0x00001240      0x24e c:/program files/atmel/atmel toolchain/avr8 gcc/native/3.4.1056/avr8-gnu-toolchain/bin/../lib/gcc/avr/4.8.1/../../../../avr/lib/avr5\libc.a(malloc.o)
                0x00001240                malloc
                0x00001370                free
 .text.avr-libc
                0x0000148e        0xe c:/program files/atmel/atmel toolchain/avr8 gcc/native/3.4.1056/avr8-gnu-toolchain/bin/../lib/gcc/avr/4.8.1/../../../../avr/lib/avr5\libc.a(memset.o)
                0x0000148e                memset
 .text.avr-libc
                0x0000149c        0xc c:/program files/atmel/atmel toolchain/avr8 gcc/native/3.4.1056/avr8-gnu-toolchain/bin/../lib/gcc/avr/4.8.1/../../../../avr/lib/avr5\libc.a(eerd_word_atmega16a.o)
                0x0000149c                __eerd_word_m16a
 .text.avr-libc
                0x000014a8        0xa c:/program files/atmel/atmel toolchain/avr8 gcc/native/3.4.1056/avr8-gnu-toolchain/bin/../lib/gcc/avr/4.8.1/../../../../avr/lib/avr5\libc.a(eewr_word_atmega16a.o)
                0x000014a8                __eewr_word_m16a
 .text.avr-libc
                0x000014b2       0x20 c:/program files/atmel/atmel toolchain/avr8 gcc/native/3.4.1056/avr8-gnu-toolchain/bin/../lib/gcc/avr/4.8.1/../../../../avr/lib/avr5\libc.a(eerd_block_atmega16a.o)
                0x000014b2                __eerd_block_m16a
                0x000014b6                __eerd_blraw_m16a
 .text.avr-libc
                0x000014d2       0x1a c:/program files/atmel/atmel toolchain/avr8 gcc/native/3.4.1056/avr8-gnu-toolchain/bin/../lib/gcc/avr/4.8.1/../../../../avr/lib/avr5\libc.a(eewr_byte_atmega16a.o)
                0x000014d2                __eewr_byte_m16a
                0x000014d4                __eewr_r18_m16a
                0x000014ec                . = ALIGN (0x2)
 *(.fini9)
 .fini9         0x000014ec        0x0 c:/program files/atmel/atmel toolchain/avr8 gcc/native/3.4.1056/avr8-gnu-toolchain/bin/../lib/gcc/avr/4.8.1/avr5\libgcc.a(_exit.o)
                0x000014ec                _exit
                0x000014ec                exit
 *(.fini9)
 *(.fini8)
 *(.fini8)
 *(.fini7)
 *(.fini7)
 *(.fini6)
 *(.fini6)
 *(.fini5)
 *(.fini5)
 *(.fini4)
 *(.fini4)
 *(.fini3)
 *(.fini3)
 *(.fini2)
 *(.fini2)
 *(.fini1)
 *(.fini1)
 *(.fini0)
 .fini0         0x000014ec        0x4 c:/program files/atmel/atmel toolchain/avr8 gcc/native/3.4.1056/avr8-gnu-toolchain/bin/../lib/gcc/avr/4.8.1/avr5\libgcc.a(_exit.o)
 *(.fini0)
                0x000014f0                _etext = .

.data           0x00800060       0x2a load address 0x000014f0
                0x00800060                PROVIDE (__data_start, .)
 *(.data)
 .data          0x00800060        0x0 c:/program files/atmel/atmel toolchain/avr8 gcc/native/3.4.1056/avr8-gnu-toolchain/bin/../lib/gcc/avr/4.8.1/../../../../avr/lib/avr5/crtm16a.o
 .data          0x00800060        0x0 lib/src/debug.o
 .data          0x00800060        0x0 lib/src/hardware_config.o
 .data          0x00800060        0x0 lib/src/hardware_feature.o
 .data          0x00800060        0x0 lib/src/LedBug.o
 .data          0x00800060        0x0 lib/src/serial.o
 .data          0x00800060        0x0 user/main.o
 .data          0x00800060        0x0 user/unit_test/unit_test.o
 .data          0x00800060        0x0 user/unit_test/unit_test_main.o
 .data          0x00800060        0x0 c:/program files/atmel/atmel toolchain/avr8 gcc/native/3.4.1056/avr8-gnu-toolchain/bin/../lib/gcc/avr/4.8.1/../../../../avr/lib/avr5\libm.a(fixunssfsi.o)
 .data          0x00800060        0x0 c:/program files/atmel/atmel toolchain/avr8 gcc/native/3.4.1056/avr8-gnu-toolchain/bin/../lib/gcc/avr/4.8.1/../../../../avr/lib/avr5\libm.a(floatsisf.o)
 .data          0x00800060        0x0 c:/program files/atmel/atmel toolchain/avr8 gcc/native/3.4.1056/avr8-gnu-toolchain/bin/../lib/gcc/avr/4.8.1/../../../../avr/lib/avr5\libm.a(fp_split3.o)
 .data          0x00800060        0x0 c:/program files/atmel/atmel toolchain/avr8 gcc/native/3.4.1056/avr8-gnu-toolchain/bin/../lib/gcc/avr/4.8.1/../../../../avr/lib/avr5\libm.a(fp_zero.o)
 .data          0x00800060        0x0 c:/program files/atmel/atmel toolchain/avr8 gcc/native/3.4.1056/avr8-gnu-toolchain/bin/../lib/gcc/avr/4.8.1/../../../../avr/lib/avr5\libm.a(mulsf3.o)
 .data          0x00800060        0x0 c:/program files/atmel/atmel toolchain/avr8 gcc/native/3.4.1056/avr8-gnu-toolchain/bin/../lib/gcc/avr/4.8.1/../../../../avr/lib/avr5\libm.a(mulsf3x.o)
 .data          0x00800060        0x0 c:/program files/atmel/atmel toolchain/avr8 gcc/native/3.4.1056/avr8-gnu-toolchain/bin/../lib/gcc/avr/4.8.1/../../../../avr/lib/avr5\libm.a(fp_inf.o)
 .data          0x00800060        0x0 c:/program files/atmel/atmel toolchain/avr8 gcc/native/3.4.1056/avr8-gnu-toolchain/bin/../lib/gcc/avr/4.8.1/../../../../avr/lib/avr5\libm.a(fp_nan.o)
 .data          0x00800060        0x0 c:/program files/atmel/atmel toolchain/avr8 gcc/native/3.4.1056/avr8-gnu-toolchain/bin/../lib/gcc/avr/4.8.1/../../../../avr/lib/avr5\libm.a(fp_pscA.o)
 .data          0x00800060        0x0 c:/program files/atmel/atmel toolchain/avr8 gcc/native/3.4.1056/avr8-gnu-toolchain/bin/../lib/gcc/avr/4.8.1/../../../../avr/lib/avr5\libm.a(fp_pscB.o)
 .data          0x00800060        0x0 c:/program files/atmel/atmel toolchain/avr8 gcc/native/3.4.1056/avr8-gnu-toolchain/bin/../lib/gcc/avr/4.8.1/../../../../avr/lib/avr5\libm.a(fp_round.o)
 .data          0x00800060        0x0 c:/program files/atmel/atmel toolchain/avr8 gcc/native/3.4.1056/avr8-gnu-toolchain/bin/../lib/gcc/avr/4.8.1/avr5\libgcc.a(_exit.o)
 .data          0x00800060        0x0 c:/program files/atmel/atmel toolchain/avr8 gcc/native/3.4.1056/avr8-gnu-toolchain/bin/../lib/gcc/avr/4.8.1/avr5\libgcc.a(_tablejump.o)
 .data          0x00800060        0x0 c:/program files/atmel/atmel toolchain/avr8 gcc/native/3.4.1056/avr8-gnu-toolchain/bin/../lib/gcc/avr/4.8.1/avr5\libgcc.a(_copy_data.o)
 .data          0x00800060        0x0 c:/program files/atmel/atmel toolchain/avr8 gcc/native/3.4.1056/avr8-gnu-toolchain/bin/../lib/gcc/avr/4.8.1/avr5\libgcc.a(_clear_bss.o)
 .data          0x00800060        0x0 c:/program files/atmel/atmel toolchain/avr8 gcc/native/3.4.1056/avr8-gnu-toolchain/bin/../lib/gcc/avr/4.8.1/avr5\libgcc.a(_umulhisi3.o)
 .data          0x00800060        0x0 c:/program files/atmel/atmel toolchain/avr8 gcc/native/3.4.1056/avr8-gnu-toolchain/bin/../lib/gcc/avr/4.8.1/../../../../avr/lib/avr5\libc.a(calloc.o)
 .data          0x00800060        0x6 c:/program files/atmel/atmel toolchain/avr8 gcc/native/3.4.1056/avr8-gnu-toolchain/bin/../lib/gcc/avr/4.8.1/../../../../avr/lib/avr5\libc.a(malloc.o)
                0x00800060                __malloc_heap_end
                0x00800062                __malloc_heap_start
                0x00800064                __malloc_margin
 .data          0x00800066        0x0 c:/program files/atmel/atmel toolchain/avr8 gcc/native/3.4.1056/avr8-gnu-toolchain/bin/../lib/gcc/avr/4.8.1/../../../../avr/lib/avr5\libc.a(memset.o)
 .data          0x00800066        0x0 c:/program files/atmel/atmel toolchain/avr8 gcc/native/3.4.1056/avr8-gnu-toolchain/bin/../lib/gcc/avr/4.8.1/../../../../avr/lib/avr5\libc.a(eerd_word_atmega16a.o)
 .data          0x00800066        0x0 c:/program files/atmel/atmel toolchain/avr8 gcc/native/3.4.1056/avr8-gnu-toolchain/bin/../lib/gcc/avr/4.8.1/../../../../avr/lib/avr5\libc.a(eewr_word_atmega16a.o)
 .data          0x00800066        0x0 c:/program files/atmel/atmel toolchain/avr8 gcc/native/3.4.1056/avr8-gnu-toolchain/bin/../lib/gcc/avr/4.8.1/../../../../avr/lib/avr5\libc.a(eerd_block_atmega16a.o)
 .data          0x00800066        0x0 c:/program files/atmel/atmel toolchain/avr8 gcc/native/3.4.1056/avr8-gnu-toolchain/bin/../lib/gcc/avr/4.8.1/../../../../avr/lib/avr5\libc.a(eewr_byte_atmega16a.o)
 *(.data*)
 .data.uigLedInterval
                0x00800066        0x2 lib/src/LedBug.o
                0x00800066                uigLedInterval
 .data.uigLedPeriodic
                0x00800068        0x2 lib/src/LedBug.o
                0x00800068                uigLedPeriodic
 .data.angle    0x0080006a        0xc user/main.o
                0x0080006a                angle
 .data.vMotor_BR
                0x00800076        0xa user/main.o
                0x00800076                vMotor_BR
 .data.vMotor_BL
                0x00800080        0xa user/main.o
                0x00800080                vMotor_BL
 *(.rodata)
 *(.rodata*)
 *(.gnu.linkonce.d*)
                0x0080008a                . = ALIGN (0x2)
                0x0080008a                _edata = .
                0x0080008a                PROVIDE (__data_end, .)

.bss            0x0080008a      0x18e
                0x0080008a                PROVIDE (__bss_start, .)
 *(.bss)
 *(.bss*)
 .bss.uiOldDataLed7seg
                0x0080008a        0x2 lib/src/debug.o
                0x0080008a                uiOldDataLed7seg
 .bss.bIsDubugCommandCompelete
                0x0080008c        0x1 lib/src/debug.o
                0x0080008c                bIsDubugCommandCompelete
 .bss.ucLedEvent
                0x0080008d        0x1 lib/src/LedBug.o
                0x0080008d                ucLedEvent
 .bss.bgLedFlag
                0x0080008e        0x1 lib/src/LedBug.o
                0x0080008e                bgLedFlag
 .bss.ucgLedState
                0x0080008f        0x1 lib/src/LedBug.o
                0x0080008f                ucgLedState
 .bss.UART_LastRxError
                0x00800090        0x1 lib/src/serial.o
 .bss.UART_RxTail
                0x00800091        0x1 lib/src/serial.o
 .bss.UART_RxHead
                0x00800092        0x1 lib/src/serial.o
 .bss.UART_TxTail
                0x00800093        0x1 lib/src/serial.o
 .bss.UART_TxHead
                0x00800094        0x1 lib/src/serial.o
 .bss.UART_RxBuf
                0x00800095       0x40 lib/src/serial.o
 .bss.UART_TxBuf
                0x008000d5      0x100 lib/src/serial.o
 .bss.pattern   0x008001d5        0x2 user/main.o
                0x008001d5                pattern
 .bss.uiTimer0Cnt
                0x008001d7        0x2 user/main.o
                0x008001d7                uiTimer0Cnt
 *(COMMON)
 COMMON         0x008001d9        0xb lib/src/debug.o
                0x008001d9                sUartPacket
                0x008001de                ptr_rx_buff
                0x008001e0                index_rx_buf
                0x008001e2                ptr_command_data
 COMMON         0x008001e4       0x30 lib/src/hardware_feature.o
                0x008001e4                uiAdMax
                0x008001f4                uiAdAverage
                0x00800204                uiAdMin
 COMMON         0x00800214        0x4 c:/program files/atmel/atmel toolchain/avr8 gcc/native/3.4.1056/avr8-gnu-toolchain/bin/../lib/gcc/avr/4.8.1/../../../../avr/lib/avr5\libc.a(malloc.o)
                0x00800214                __brkval
                0x00800216                __flp
                0x00800218                PROVIDE (__bss_end, .)
                0x000014f0                __data_load_start = LOADADDR (.data)
                0x0000151a                __data_load_end = (__data_load_start + SIZEOF (.data))

.noinit         0x00800218        0x0
                0x00800218                PROVIDE (__noinit_start, .)
 *(.noinit*)
                0x00800218                PROVIDE (__noinit_end, .)
                0x00800218                _end = .
                0x00800218                PROVIDE (__heap_start, .)

.eeprom         0x00810000       0x10
 *(.eeprom*)
 .eeprom        0x00810000       0x10 lib/src/hardware_feature.o
                0x00810000                uiMyEppDataArr
                0x00810010                __eeprom_end = .

.fuse
 *(.fuse)
 *(.lfuse)
 *(.hfuse)
 *(.efuse)

.lock
 *(.lock*)

.signature
 *(.signature*)

.user_signatures
 *(.user_signatures*)

.stab
 *(.stab)

.stabstr
 *(.stabstr)

.stab.excl
 *(.stab.excl)

.stab.exclstr
 *(.stab.exclstr)

.stab.index
 *(.stab.index)

.stab.indexstr
 *(.stab.indexstr)

.comment        0x00000000       0x30
 *(.comment)
 .comment       0x00000000       0x30 lib/src/debug.o
                                 0x31 (size before relaxing)
 .comment       0x00000000       0x31 lib/src/hardware_config.o
 .comment       0x00000000       0x31 lib/src/hardware_feature.o
 .comment       0x00000000       0x31 lib/src/LedBug.o
 .comment       0x00000000       0x31 lib/src/serial.o
 .comment       0x00000000       0x31 user/main.o
 .comment       0x00000000       0x31 user/unit_test/unit_test.o
 .comment       0x00000000       0x31 user/unit_test/unit_test_main.o
 .comment       0x00000000       0x31 c:/program files/atmel/atmel toolchain/avr8 gcc/native/3.4.1056/avr8-gnu-toolchain/bin/../lib/gcc/avr/4.8.1/../../../../avr/lib/avr5\libc.a(calloc.o)
 .comment       0x00000000       0x31 c:/program files/atmel/atmel toolchain/avr8 gcc/native/3.4.1056/avr8-gnu-toolchain/bin/../lib/gcc/avr/4.8.1/../../../../avr/lib/avr5\libc.a(malloc.o)

.note.gnu.build-id
 *(.note.gnu.build-id)

.debug
 *(.debug)

.line
 *(.line)

.debug_srcinfo
 *(.debug_srcinfo)

.debug_sfnames
 *(.debug_sfnames)

.debug_aranges  0x00000000      0x2b0
 *(.debug_aranges)
 .debug_aranges
                0x00000000       0x98 lib/src/debug.o
 .debug_aranges
                0x00000098       0x38 lib/src/hardware_config.o
 .debug_aranges
                0x000000d0       0x88 lib/src/hardware_feature.o
 .debug_aranges
                0x00000158       0x40 lib/src/LedBug.o
 .debug_aranges
                0x00000198       0x50 lib/src/serial.o
 .debug_aranges
                0x000001e8       0x70 user/main.o
 .debug_aranges
                0x00000258       0x38 user/unit_test/unit_test.o
 .debug_aranges
                0x00000290       0x20 user/unit_test/unit_test_main.o

.debug_pubnames
 *(.debug_pubnames)

.debug_info     0x00000000     0x22ac
 *(.debug_info .gnu.linkonce.wi.*)
 .debug_info    0x00000000      0x766 lib/src/debug.o
 .debug_info    0x00000766      0x10b lib/src/hardware_config.o
 .debug_info    0x00000871      0x697 lib/src/hardware_feature.o
 .debug_info    0x00000f08      0x22d lib/src/LedBug.o
 .debug_info    0x00001135      0x303 lib/src/serial.o
 .debug_info    0x00001438      0xa72 user/main.o
 .debug_info    0x00001eaa      0x3aa user/unit_test/unit_test.o
 .debug_info    0x00002254       0x58 user/unit_test/unit_test_main.o

.debug_abbrev   0x00000000      0xc7e
 *(.debug_abbrev)
 .debug_abbrev  0x00000000      0x28d lib/src/debug.o
 .debug_abbrev  0x0000028d       0xb1 lib/src/hardware_config.o
 .debug_abbrev  0x0000033e      0x298 lib/src/hardware_feature.o
 .debug_abbrev  0x000005d6      0x10b lib/src/LedBug.o
 .debug_abbrev  0x000006e1      0x12f lib/src/serial.o
 .debug_abbrev  0x00000810      0x29b user/main.o
 .debug_abbrev  0x00000aab      0x186 user/unit_test/unit_test.o
 .debug_abbrev  0x00000c31       0x4d user/unit_test/unit_test_main.o

.debug_line     0x00000000      0xf2b
 *(.debug_line .debug_line.* .debug_line_end)
 .debug_line    0x00000000      0x2e3 lib/src/debug.o
 .debug_line    0x000002e3      0x11e lib/src/hardware_config.o
 .debug_line    0x00000401      0x32f lib/src/hardware_feature.o
 .debug_line    0x00000730      0x146 lib/src/LedBug.o
 .debug_line    0x00000876      0x149 lib/src/serial.o
 .debug_line    0x000009bf      0x322 user/main.o
 .debug_line    0x00000ce1      0x1eb user/unit_test/unit_test.o
 .debug_line    0x00000ecc       0x5f user/unit_test/unit_test_main.o

.debug_frame    0x00000000      0x6a4
 *(.debug_frame)
 .debug_frame   0x00000000      0x1e0 lib/src/debug.o
 .debug_frame   0x000001e0       0x54 lib/src/hardware_config.o
 .debug_frame   0x00000234      0x198 lib/src/hardware_feature.o
 .debug_frame   0x000003cc       0x74 lib/src/LedBug.o
 .debug_frame   0x00000440       0xe0 lib/src/serial.o
 .debug_frame   0x00000520      0x10c user/main.o
 .debug_frame   0x0000062c       0x54 user/unit_test/unit_test.o
 .debug_frame   0x00000680       0x24 user/unit_test/unit_test_main.o

.debug_str      0x00000000      0x900
 *(.debug_str)
 .debug_str     0x00000000      0x36a lib/src/debug.o
                                0x3a8 (size before relaxing)
 .debug_str     0x0000036a       0x57 lib/src/hardware_config.o
                                0x1c3 (size before relaxing)
 .debug_str     0x000003c1      0x1dc lib/src/hardware_feature.o
                                0x360 (size before relaxing)
 .debug_str     0x0000059d      0x134 lib/src/LedBug.o
                                0x299 (size before relaxing)
 .debug_str     0x000006d1       0xda lib/src/serial.o
                                0x26a (size before relaxing)
 .debug_str     0x000007ab       0xdc user/main.o
                                0x43a (size before relaxing)
 .debug_str     0x00000887       0x4c user/unit_test/unit_test.o
                                0x295 (size before relaxing)
 .debug_str     0x000008d3       0x2d user/unit_test/unit_test_main.o
                                0x122 (size before relaxing)

.debug_loc      0x00000000     0x12ed
 *(.debug_loc)
 .debug_loc     0x00000000      0x710 lib/src/debug.o
 .debug_loc     0x00000710      0x5a0 lib/src/hardware_feature.o
 .debug_loc     0x00000cb0      0x179 lib/src/LedBug.o
 .debug_loc     0x00000e29      0x304 lib/src/serial.o
 .debug_loc     0x0000112d      0x17f user/main.o
 .debug_loc     0x000012ac       0x41 user/unit_test/unit_test.o

.debug_macinfo
 *(.debug_macinfo)

.debug_weaknames
 *(.debug_weaknames)

.debug_funcnames
 *(.debug_funcnames)

.debug_typenames
 *(.debug_typenames)

.debug_varnames
 *(.debug_varnames)

.debug_pubtypes
 *(.debug_pubtypes)

.debug_ranges   0x00000000      0x260
 *(.debug_ranges)
 .debug_ranges  0x00000000       0x88 lib/src/debug.o
 .debug_ranges  0x00000088       0x28 lib/src/hardware_config.o
 .debug_ranges  0x000000b0       0x90 lib/src/hardware_feature.o
 .debug_ranges  0x00000140       0x30 lib/src/LedBug.o
 .debug_ranges  0x00000170       0x58 lib/src/serial.o
 .debug_ranges  0x000001c8       0x60 user/main.o
 .debug_ranges  0x00000228       0x28 user/unit_test/unit_test.o
 .debug_ranges  0x00000250       0x10 user/unit_test/unit_test_main.o

.debug_macro
 *(.debug_macro)
OUTPUT(bcr_2015.elf elf32-avr)
LOAD linker stubs
